Component: Arm Compiler for Embedded 6.19 Tool: armlink [5e73cb00]

==============================================================================

Section Cross References

    main.o(.ARM.exidx.text.PortC_init) refers to main.o(.text.PortC_init) for [Anonymous Symbol]
    main.o(.ARM.exidx.text.PortD_init) refers to main.o(.text.PortD_init) for [Anonymous Symbol]
    main.o(.ARM.exidx.text.PortB_init) refers to main.o(.text.PortB_init) for [Anonymous Symbol]
    main.o(.ARM.exidx.text.PortE_init) refers to main.o(.text.PortE_init) for [Anonymous Symbol]
    main.o(.ARM.exidx.text.PortF_init) refers to main.o(.text.PortF_init) for [Anonymous Symbol]
    main.o(.ARM.exidx.text.PortA_init) refers to main.o(.text.PortA_init) for [Anonymous Symbol]
    main.o(.ARM.exidx.text.inits) refers to main.o(.text.inits) for [Anonymous Symbol]
    main.o(.text.JammerDriverHandler) refers to main.o(.bss.JammingDriverSemaphore) for JammingDriverSemaphore
    main.o(.text.JammerDriverHandler) refers to queue.o(.text.xQueueSemaphoreTake) for xQueueSemaphoreTake
    main.o(.ARM.exidx.text.JammerDriverHandler) refers to main.o(.text.JammerDriverHandler) for [Anonymous Symbol]
    main.o(.text.JammerPassengerHandler) refers to main.o(.bss.JammingPassengerSemaphore) for JammingPassengerSemaphore
    main.o(.text.JammerPassengerHandler) refers to queue.o(.text.xQueueSemaphoreTake) for xQueueSemaphoreTake
    main.o(.ARM.exidx.text.JammerPassengerHandler) refers to main.o(.text.JammerPassengerHandler) for [Anonymous Symbol]
    main.o(.text.DriverMotor) refers to main.o(.bss.DriverMotorQueue) for DriverMotorQueue
    main.o(.text.DriverMotor) refers to main.o(.bss.Please_Dont_Optimize) for Please_Dont_Optimize
    main.o(.text.DriverMotor) refers to main.o(.bss.JammingDriverSemaphore) for JammingDriverSemaphore
    main.o(.text.DriverMotor) refers to queue.o(.text.xQueueGenericSend) for xQueueGenericSend
    main.o(.text.DriverMotor) refers to queue.o(.text.xQueueReceive) for xQueueReceive
    main.o(.ARM.exidx.text.DriverMotor) refers to main.o(.text.DriverMotor) for [Anonymous Symbol]
    main.o(.text.PassengerMotor) refers to main.o(.bss.PassengerMotorQueue) for PassengerMotorQueue
    main.o(.text.PassengerMotor) refers to main.o(.bss.Please_Dont_Optimize) for Please_Dont_Optimize
    main.o(.text.PassengerMotor) refers to main.o(.bss.JammingPassengerSemaphore) for JammingPassengerSemaphore
    main.o(.text.PassengerMotor) refers to queue.o(.text.xQueueGenericSend) for xQueueGenericSend
    main.o(.text.PassengerMotor) refers to queue.o(.text.xQueueReceive) for xQueueReceive
    main.o(.ARM.exidx.text.PassengerMotor) refers to main.o(.text.PassengerMotor) for [Anonymous Symbol]
    main.o(.text.Driver) refers to main.o(.bss.PassengerMotorQueue) for PassengerMotorQueue
    main.o(.text.Driver) refers to main.o(.bss.DriverMotorQueue) for DriverMotorQueue
    main.o(.text.Driver) refers to main.o(.bss.JammingDriverSemaphore) for JammingDriverSemaphore
    main.o(.text.Driver) refers to queue.o(.text.xQueueGenericSend) for xQueueGenericSend
    main.o(.text.Driver) refers to main.o(.bss.lock) for lock
    main.o(.ARM.exidx.text.Driver) refers to main.o(.text.Driver) for [Anonymous Symbol]
    main.o(.text.Passenger) refers to main.o(.bss.lock) for lock
    main.o(.text.Passenger) refers to main.o(.bss.PassengerMotorQueue) for PassengerMotorQueue
    main.o(.text.Passenger) refers to main.o(.bss.JammingPassengerSemaphore) for JammingPassengerSemaphore
    main.o(.text.Passenger) refers to queue.o(.text.xQueueGenericSend) for xQueueGenericSend
    main.o(.ARM.exidx.text.Passenger) refers to main.o(.text.Passenger) for [Anonymous Symbol]
    main.o(.text.main) refers to main.o(.text.inits) for inits
    main.o(.text.main) refers to queue.o(.text.xQueueGenericCreate) for xQueueGenericCreate
    main.o(.text.main) refers to main.o(.bss.DriverMotorQueue) for DriverMotorQueue
    main.o(.text.main) refers to main.o(.bss.PassengerMotorQueue) for PassengerMotorQueue
    main.o(.text.main) refers to main.o(.bss.JammingDriverSemaphore) for JammingDriverSemaphore
    main.o(.text.main) refers to queue.o(.text.xQueueGenericSend) for xQueueGenericSend
    main.o(.text.main) refers to main.o(.bss.JammingPassengerSemaphore) for JammingPassengerSemaphore
    main.o(.text.main) refers to main.o(.text.JammerDriverHandler) for JammerDriverHandler
    main.o(.text.main) refers to tasks.o(.text.xTaskCreate) for xTaskCreate
    main.o(.text.main) refers to main.o(.text.JammerPassengerHandler) for JammerPassengerHandler
    main.o(.text.main) refers to main.o(.text.DriverMotor) for DriverMotor
    main.o(.text.main) refers to main.o(.text.PassengerMotor) for PassengerMotor
    main.o(.text.main) refers to main.o(.text.Driver) for Driver
    main.o(.text.main) refers to main.o(.text.Passenger) for Passenger
    main.o(.text.main) refers to tasks.o(.text.vTaskStartScheduler) for vTaskStartScheduler
[...]
    Removing queue.o(.ARM.exidx.text.xQueueSemaphoreTake), (8 bytes).
    Removing queue.o(.text.xQueueCreateCountingSemaphore), (50 bytes).
    Removing queue.o(.ARM.exidx.text.xQueueCreateCountingSemaphore), (8 bytes).
    Removing queue.o(.ARM.exidx.text.prvNotifyQueueSetContainer), (8 bytes).
    Removing queue.o(.ARM.exidx.text.prvUnlockQueue), (8 bytes).
    Removing queue.o(.text.xQueueGenericSendFromISR), (392 bytes).
    Removing queue.o(.ARM.exidx.text.xQueueGenericSendFromISR), (8 bytes).
    Removing queue.o(.text.xQueueGiveFromISR), (282 bytes).
    Removing queue.o(.ARM.exidx.text.xQueueGiveFromISR), (8 bytes).
    Removing queue.o(.ARM.exidx.text.xQueueReceive), (8 bytes).
    Removing queue.o(.text.xQueuePeek), (416 bytes).
    Removing queue.o(.ARM.exidx.text.xQueuePeek), (8 bytes).
    Removing queue.o(.text.xQueueReceiveFromISR), (268 bytes).
    Removing queue.o(.ARM.exidx.text.xQueueReceiveFromISR), (8 bytes).
    Removing queue.o(.text.xQueuePeekFromISR), (152 bytes).
    Removing queue.o(.ARM.exidx.text.xQueuePeekFromISR), (8 bytes).
    Removing queue.o(.text.uxQueueMessagesWaiting), (38 bytes).
    Removing queue.o(.ARM.exidx.text.uxQueueMessagesWaiting), (8 bytes).
    Removing queue.o(.text.uxQueueSpacesAvailable), (42 bytes).
    Removing queue.o(.ARM.exidx.text.uxQueueSpacesAvailable), (8 bytes).
    Removing queue.o(.text.uxQueueMessagesWaitingFromISR), (26 bytes).
    Removing queue.o(.ARM.exidx.text.uxQueueMessagesWaitingFromISR), (8 bytes).
    Removing queue.o(.text.vQueueDelete), (26 bytes).
    Removing queue.o(.ARM.exidx.text.vQueueDelete), (8 bytes).
    Removing queue.o(.text.xQueueIsQueueEmptyFromISR), (30 bytes).
    Removing queue.o(.ARM.exidx.text.xQueueIsQueueEmptyFromISR), (8 bytes).
    Removing queue.o(.text.xQueueIsQueueFullFromISR), (34 bytes).
    Removing queue.o(.ARM.exidx.text.xQueueIsQueueFullFromISR), (8 bytes).
    Removing queue.o(.ARM.exidx.text.vQueueWaitForMessageRestricted), (8 bytes).
    Removing queue.o(.text.xQueueCreateSet), (8 bytes).
    Removing queue.o(.ARM.exidx.text.xQueueCreateSet), (8 bytes).
    Removing queue.o(.text.xQueueAddToSet), (38 bytes).
    Removing queue.o(.ARM.exidx.text.xQueueAddToSet), (8 bytes).
    Removing queue.o(.text.xQueueRemoveFromSet), (40 bytes).
    Removing queue.o(.ARM.exidx.text.xQueueRemoveFromSet), (8 bytes).
    Removing queue.o(.text.xQueueSelectFromSet), (22 bytes).
    Removing queue.o(.ARM.exidx.text.xQueueSelectFromSet), (8 bytes).
    Removing queue.o(.text.xQueueSelectFromSetFromISR), (22 bytes).
    Removing queue.o(.ARM.exidx.text.xQueueSelectFromSetFromISR), (8 bytes).
    Removing tasks.o(.text), (0 bytes).
    Removing tasks.o(.ARM.exidx.text.xTaskCreate), (8 bytes).
    Removing tasks.o(.text.vTaskDelete), (290 bytes).
    Removing tasks.o(.ARM.exidx.text.vTaskDelete), (8 bytes).
    Removing tasks.o(.text.xTaskDelayUntil), (294 bytes).
    Removing tasks.o(.ARM.exidx.text.xTaskDelayUntil), (8 bytes).
    Removing tasks.o(.ARM.exidx.text.vTaskSuspendAll), (8 bytes).
    Removing tasks.o(.ARM.exidx.text.prvAddCurrentTaskToDelayedList), (8 bytes).
    Removing tasks.o(.ARM.exidx.text.xTaskResumeAll), (8 bytes).
    Removing tasks.o(.text.vTaskDelay), (194 bytes).
    Removing tasks.o(.ARM.exidx.text.vTaskDelay), (8 bytes).
    Removing tasks.o(.text.eTaskGetState), (156 bytes).
    Removing tasks.o(.ARM.exidx.text.eTaskGetState), (8 bytes).
    Removing tasks.o(.text.uxTaskPriorityGet), (30 bytes).
    Removing tasks.o(.ARM.exidx.text.uxTaskPriorityGet), (8 bytes).
    Removing tasks.o(.text.uxTaskPriorityGetFromISR), (48 bytes).
    Removing tasks.o(.ARM.exidx.text.uxTaskPriorityGetFromISR), (8 bytes).
    Removing tasks.o(.text.vTaskPrioritySet), (246 bytes).
    Removing tasks.o(.ARM.exidx.text.vTaskPrioritySet), (8 bytes).
    Removing tasks.o(.text.vTaskSuspend), (398 bytes).
    Removing tasks.o(.ARM.exidx.text.vTaskSuspend), (8 bytes).
    Removing tasks.o(.ARM.exidx.text.vTaskSwitchContext), (8 bytes).
    Removing tasks.o(.text.vTaskResume), (184 bytes).
    Removing tasks.o(.ARM.exidx.text.vTaskResume), (8 bytes).
    Removing tasks.o(.text.xTaskResumeFromISR), (224 bytes).
    Removing tasks.o(.ARM.exidx.text.xTaskResumeFromISR), (8 bytes).
    Removing tasks.o(.ARM.exidx.text.vTaskStartScheduler), (8 bytes).
    Removing tasks.o(.ARM.exidx.text.prvIdleTask), (8 bytes).
    Removing tasks.o(.text.vTaskEndScheduler), (32 bytes).
    Removing tasks.o(.ARM.exidx.text.vTaskEndScheduler), (8 bytes).
    Removing tasks.o(.ARM.exidx.text.xTaskIncrementTick), (8 bytes).
    Removing tasks.o(.ARM.exidx.text.xTaskGetTickCount), (8 bytes).
    Removing tasks.o(.text.xTaskGetTickCountFromISR), (18 bytes).
    Removing tasks.o(.ARM.exidx.text.xTaskGetTickCountFromISR), (8 bytes).
    Removing tasks.o(.ARM.exidx.text.uxTaskGetNumberOfTasks), (8 bytes).
    Removing tasks.o(.text.pcTaskGetName), (38 bytes).
    Removing tasks.o(.ARM.exidx.text.pcTaskGetName), (8 bytes).
    Removing tasks.o(.text.xTaskCatchUpTicks), (72 bytes).
    Removing tasks.o(.ARM.exidx.text.xTaskCatchUpTicks), (8 bytes).
    Removing tasks.o(.ARM.exidx.text.vTaskPlaceOnEventList), (8 bytes).
    Removing tasks.o(.text.vTaskPlaceOnUnorderedEventList), (142 bytes).
    Removing tasks.o(.ARM.exidx.text.vTaskPlaceOnUnorderedEventList), (8 bytes).
    Removing tasks.o(.ARM.exidx.text.vTaskPlaceOnEventListRestricted), (8 bytes).
    Removing tasks.o(.ARM.exidx.text.xTaskRemoveFromEventList), (8 bytes).
    Removing tasks.o(.text.vTaskRemoveFromUnorderedEventList), (238 bytes).
    Removing tasks.o(.ARM.exidx.text.vTaskRemoveFromUnorderedEventList), (8 bytes).
    Removing tasks.o(.text.vTaskSetTimeOutState), (62 bytes).
    Removing tasks.o(.ARM.exidx.text.vTaskSetTimeOutState), (8 bytes).
    Removing tasks.o(.ARM.exidx.text.vTaskInternalSetTimeOutState), (8 bytes).
    Removing tasks.o(.ARM.exidx.text.xTaskCheckForTimeOut), (8 bytes).
    Removing tasks.o(.ARM.exidx.text.vTaskMissedYield), (8 bytes).
    Removing tasks.o(.text.xTaskGetCurrentTaskHandle), (12 bytes).
    Removing tasks.o(.ARM.exidx.text.xTaskGetCurrentTaskHandle), (8 bytes).
    Removing tasks.o(.ARM.exidx.text.xTaskGetSchedulerState), (8 bytes).
    Removing tasks.o(.ARM.exidx.text.xTaskPriorityInherit), (8 bytes).
    Removing tasks.o(.ARM.exidx.text.xTaskPriorityDisinherit), (8 bytes).
    Removing tasks.o(.ARM.exidx.text.vTaskPriorityDisinheritAfterTimeout), (8 bytes).
    Removing tasks.o(.text.uxTaskResetEventItemValue), (26 bytes).
    Removing tasks.o(.ARM.exidx.text.uxTaskResetEventItemValue), (8 bytes).
    Removing tasks.o(.ARM.exidx.text.pvTaskIncrementMutexHeldCount), (8 bytes).
    Removing tasks.o(.text.ulTaskGenericNotifyTake), (150 bytes).
    Removing tasks.o(.ARM.exidx.text.ulTaskGenericNotifyTake), (8 bytes).
    Removing tasks.o(.text.xTaskGenericNotifyWait), (194 bytes).
    Removing tasks.o(.ARM.exidx.text.xTaskGenericNotifyWait), (8 bytes).
    Removing tasks.o(.text.xTaskGenericNotify), (358 bytes).
    Removing tasks.o(.ARM.exidx.text.xTaskGenericNotify), (8 bytes).
    Removing tasks.o(.text.xTaskGenericNotifyFromISR), (402 bytes).
    Removing tasks.o(.ARM.exidx.text.xTaskGenericNotifyFromISR), (8 bytes).
    Removing tasks.o(.text.vTaskGenericNotifyGiveFromISR), (304 bytes).
    Removing tasks.o(.ARM.exidx.text.vTaskGenericNotifyGiveFromISR), (8 bytes).
    Removing tasks.o(.text.xTaskGenericNotifyStateClear), (66 bytes).
    Removing tasks.o(.ARM.exidx.text.xTaskGenericNotifyStateClear), (8 bytes).
    Removing tasks.o(.text.ulTaskGenericNotifyValueClear), (44 bytes).
    Removing tasks.o(.ARM.exidx.text.ulTaskGenericNotifyValueClear), (8 bytes).
    Removing timers.o(.text), (0 bytes).
    Removing timers.o(.ARM.exidx.text.xTimerCreateTimerTask), (8 bytes).
    Removing timers.o(.ARM.exidx.text.prvTimerTask), (8 bytes).
    Removing timers.o(.text.xTimerCreate), (186 bytes).
    Removing timers.o(.ARM.exidx.text.xTimerCreate), (8 bytes).
    Removing timers.o(.text.xTimerGenericCommand), (104 bytes).
    Removing timers.o(.ARM.exidx.text.xTimerGenericCommand), (8 bytes).
    Removing timers.o(.text.xTimerGetTimerDaemonTaskHandle), (34 bytes).
    Removing timers.o(.ARM.exidx.text.xTimerGetTimerDaemonTaskHandle), (8 bytes).
    Removing timers.o(.text.xTimerGetPeriod), (26 bytes).
    Removing timers.o(.ARM.exidx.text.xTimerGetPeriod), (8 bytes).
    Removing timers.o(.text.vTimerSetReloadMode), (62 bytes).
    Removing timers.o(.ARM.exidx.text.vTimerSetReloadMode), (8 bytes).
    Removing timers.o(.text.xTimerGetReloadMode), (46 bytes).
    Removing timers.o(.ARM.exidx.text.xTimerGetReloadMode), (8 bytes).
    Removing timers.o(.text.uxTimerGetReloadMode), (46 bytes).
    Removing timers.o(.ARM.exidx.text.uxTimerGetReloadMode), (8 bytes).
    Removing timers.o(.text.xTimerGetExpiryTime), (26 bytes).
    Removing timers.o(.ARM.exidx.text.xTimerGetExpiryTime), (8 bytes).
    Removing timers.o(.text.pcTimerGetName), (26 bytes).
    Removing timers.o(.ARM.exidx.text.pcTimerGetName), (8 bytes).
    Removing timers.o(.text.xTimerIsTimerActive), (46 bytes).
    Removing timers.o(.ARM.exidx.text.xTimerIsTimerActive), (8 bytes).
    Removing timers.o(.text.pvTimerGetTimerID), (38 bytes).
    Removing timers.o(.ARM.exidx.text.pvTimerGetTimerID), (8 bytes).
    Removing timers.o(.text.vTimerSetTimerID), (42 bytes).
    Removing timers.o(.ARM.exidx.text.vTimerSetTimerID), (8 bytes).
    Removing timers.o(.ARM.exidx.text.prvProcessExpiredTimer), (8 bytes).

210 unused section(s) (total 9234 bytes) removed from the image.

==============================================================================

Image Symbol Table

    Local Symbols

    Symbol Name                              Value     Ov Type        Size  Object(Section)

    ../clib/angel/boardlib.s                 0x00000000   Number         0  boardinit1.o ABSOLUTE
    ../clib/angel/boardlib.s                 0x00000000   Number         0  boardinit2.o ABSOLUTE
    ../clib/angel/boardlib.s                 0x00000000   Number         0  boardinit3.o ABSOLUTE
    ../clib/angel/boardlib.s                 0x00000000   Number         0  boardshut.o ABSOLUTE
    ../clib/angel/handlers.s                 0x00000000   Number         0  __scatter_copy.o ABSOLUTE
    ../clib/angel/handlers.s                 0x00000000   Number         0  __scatter_zi.o ABSOLUTE
    ../clib/angel/kernel.s                   0x00000000   Number         0  __rtentry.o ABSOLUTE
    ../clib/angel/kernel.s                   0x00000000   Number         0  __rtentry2.o ABSOLUTE
    ../clib/angel/kernel.s                   0x00000000   Number         0  __rtentry4.o ABSOLUTE
    ../clib/angel/kernel.s                   0x00000000   Number         0  rtexit.o ABSOLUTE
    ../clib/angel/kernel.s                   0x00000000   Number         0  rtexit2.o ABSOLUTE
    ../clib/angel/rt.s                       0x00000000   Number         0  rt_raise.o ABSOLUTE
    ../clib/angel/scatter.s                  0x00000000   Number         0  __scatter.o ABSOLUTE
    ../clib/angel/startup.s                  0x00000000   Number         0  __main.o ABSOLUTE
    ../clib/angel/sys.s                      0x00000000   Number         0  sys_stackheap_outer.o ABSOLUTE
    ../clib/angel/sys.s                      0x00000000   Number         0  libspace.o ABSOLUTE
    ../clib/angel/sys.s                      0x00000000   Number         0  use_no_semi.o ABSOLUTE
    ../clib/angel/sys.s                      0x00000000   Number         0  indicate_semi.o ABSOLUTE
    ../clib/angel/sysapp.c                   0x00000000   Number         0  sys_exit.o ABSOLUTE
    ../clib/angel/sysapp.c                   0x00000000   Number         0  sys_exit_hlt.o ABSOLUTE
    ../clib/angel/sysapp.c                   0x00000000   Number         0  sys_command.o ABSOLUTE
    ../clib/angel/sysapp.c                   0x00000000   Number         0  sys_command_hlt.o ABSOLUTE
    ../clib/angel/sysapp.c                   0x00000000   Number         0  sys_wrch.o ABSOLUTE
    ../clib/angel/sysapp.c                   0x00000000   Number         0  sys_wrch_hlt.o ABSOLUTE
    ../clib/armsys.c                         0x00000000   Number         0  argv_veneer.o ABSOLUTE
    ../clib/armsys.c                         0x00000000   Number         0  argv_veneer.o ABSOLUTE
    ../clib/armsys.c                         0x00000000   Number         0  _get_argv_nomalloc.o ABSOLUTE
    ../clib/armsys.c                         0x00000000   Number         0  no_argv.o ABSOLUTE
    ../clib/heapalloc.c                      0x00000000   Number         0  hrguard.o ABSOLUTE
    ../clib/heapaux.c                        0x00000000   Number         0  heapauxi.o ABSOLUTE
    ../clib/libinit.s                        0x00000000   Number         0  libinit.o ABSOLUTE
    ../clib/libinit.s                        0x00000000   Number         0  libinit2.o ABSOLUTE
    ../clib/libinit.s                        0x00000000   Number         0  libshutdown.o ABSOLUTE
    ../clib/libinit.s                        0x00000000   Number         0  libshutdown2.o ABSOLUTE
    ../clib/memcpset.s                       0x00000000   Number         0  rt_memcpy_v6.o ABSOLUTE
    ../clib/memcpset.s                       0x00000000   Number         0  rt_memclr.o ABSOLUTE
    ../clib/memcpset.s                       0x00000000   Number         0  rt_memcpy_w.o ABSOLUTE
    ../clib/memcpset.s                       0x00000000   Number         0  rt_memclr_w.o ABSOLUTE
    ../clib/signal.c                         0x00000000   Number         0  defsig_rtmem_outer.o ABSOLUTE
    ../clib/signal.c                         0x00000000   Number         0  defsig_rtmem_formal.o ABSOLUTE
    ../clib/signal.c                         0x00000000   Number         0  defsig_exit.o ABSOLUTE
    ../clib/signal.c                         0x00000000   Number         0  defsig_rtmem_inner.o ABSOLUTE
    ../clib/signal.c                         0x00000000   Number         0  __raise.o ABSOLUTE
    ../clib/signal.c                         0x00000000   Number         0  defsig_general.o ABSOLUTE
    ../clib/signal.c                         0x00000000   Number         0  defsig_abrt_inner.o ABSOLUTE
    ../clib/signal.c                         0x00000000   Number         0  defsig_fpe_inner.o ABSOLUTE
    ../clib/signal.c                         0x00000000   Number         0  defsig_rtred_inner.o ABSOLUTE
    ../clib/signal.c                         0x00000000   Number         0  defsig_stak_inner.o ABSOLUTE
    ../clib/signal.c                         0x00000000   Number         0  defsig_pvfn_inner.o ABSOLUTE
    ../clib/signal.c                         0x00000000   Number         0  defsig_cppl_inner.o ABSOLUTE
    ../clib/signal.c                         0x00000000   Number         0  defsig_segv_inner.o ABSOLUTE
    ../clib/signal.c                         0x00000000   Number         0  defsig_other.o ABSOLUTE
    ../clib/signal.s                         0x00000000   Number         0  defsig.o ABSOLUTE
    ../clib/stdlib.c                         0x00000000   Number         0  exit.o ABSOLUTE
    ../fplib/fpinit.s                        0x00000000   Number         0  fpinit.o ABSOLUTE
    RTE/Device/TM4C123GH6PM/startup_TM4C123.s 0x00000000   Number         0  startup_tm4c123.o ABSOLUTE
    dc.s                                     0x00000000   Number         0  dc.o ABSOLUTE
    freertos_evr.c                           0x00000000   Number         0  freertos_evr.o ABSOLUTE
    heap_1.c                                 0x00000000   Number         0  heap_1.o ABSOLUTE
    list.c                                   0x00000000   Number         0  list.o ABSOLUTE
    main.c                                   0x00000000   Number         0  main.o ABSOLUTE
    port.c                                   0x00000000   Number         0  port.o ABSOLUTE
    queue.c                                  0x00000000   Number         0  queue.o ABSOLUTE
    system_TM4C123.c                         0x00000000   Number         0  system_tm4c123.o ABSOLUTE
    tasks.c                                  0x00000000   Number         0  tasks.o ABSOLUTE
    timers.c                                 0x00000000   Number         0  timers.o ABSOLUTE
    RESET                                    0x00000000   Section      620  startup_tm4c123.o(RESET)
    !!!main                                  0x0000026c   Section        8  __main.o(!!!main)
    !!!scatter                               0x00000274   Section       52  __scatter.o(!!!scatter)
    !!handler_copy                           0x000002a8   Section       26  __scatter_copy.o(!!handler_copy)
    !!handler_zi                             0x000002c4   Section       28  __scatter_zi.o(!!handler_zi)
    .ARM.Collect$$libinit$$00000000          0x000002e0   Section        2  libinit.o(.ARM.Collect$$libinit$$00000000)
    .ARM.Collect$$libinit$$00000001          0x000002e2   Section        4  libinit2.o(.ARM.Collect$$libinit$$00000001)
    .ARM.Collect$$libinit$$00000004          0x000002e6   Section        0  libinit2.o(.ARM.Collect$$libinit$$00000004)
    .ARM.Collect$$libinit$$00000006          0x000002e6   Section        0  libinit2.o(.ARM.Collect$$libinit$$00000006)
    .ARM.Collect$$libinit$$0000000C          0x000002e6   Section        0  libinit2.o(.ARM.Collect$$libinit$$0000000C)
    .ARM.Collect$$libinit$$0000000E          0x000002e6   Section        0  libinit2.o(.ARM.Collect$$libinit$$0000000E)
    .ARM.Collect$$libinit$$00000010          0x000002e6   Section        0  libinit2.o(.ARM.Collect$$libinit$$00000010)
    .ARM.Collect$$libinit$$00000013          0x000002e6   Section        0  libinit2.o(.ARM.Collect$$libinit$$00000013)
    .ARM.Collect$$libinit$$00000015          0x000002e6   Section        0  libinit2.o(.ARM.Collect$$libinit$$00000015)
    .ARM.Collect$$libinit$$00000017          0x000002e6   Section        0  libinit2.o(.ARM.Collect$$libinit$$00000017)
    .ARM.Collect$$libinit$$00000019          0x000002e6   Section        0  libinit2.o(.ARM.Collect$$libinit$$00000019)
    .ARM.Collect$$libinit$$0000001B          0x000002e6   Section        0  libinit2.o(.ARM.Collect$$libinit$$0000001B)
    .ARM.Collect$$libinit$$0000001D          0x000002e6   Section        0  libinit2.o(.ARM.Collect$$libinit$$0000001D)
    .ARM.Collect$$libinit$$0000001F          0x000002e6   Section        0  libinit2.o(.ARM.Collect$$libinit$$0000001F)
    .ARM.Collect$$libinit$$00000021          0x000002e6   Section        0  libinit2.o(.ARM.Collect$$libinit$$00000021)
    .ARM.Collect$$libinit$$00000023          0x000002e6   Section        0  libinit2.o(.ARM.Collect$$libinit$$00000023)
    .ARM.Collect$$libinit$$00000025          0x000002e6   Section        0  libinit2.o(.ARM.Collect$$libinit$$00000025)
    .ARM.Collect$$libinit$$00000027          0x000002e6   Section        0  libinit2.o(.ARM.Collect$$libinit$$00000027)
    .ARM.Collect$$libinit$$0000002E          0x000002e6   Section        0  libinit2.o(.ARM.Collect$$libinit$$0000002E)
    .ARM.Collect$$libinit$$00000030          0x000002e6   Section        0  libinit2.o(.ARM.Collect$$libinit$$00000030)
    .ARM.Collect$$libinit$$00000032          0x000002e6   Section        0  libinit2.o(.ARM.Collect$$libinit$$00000032)
    .ARM.Collect$$libinit$$00000034          0x000002e6   Section        0  libinit2.o(.ARM.Collect$$libinit$$00000034)
    .ARM.Collect$$libinit$$00000035          0x000002e6   Section        2  libinit2.o(.ARM.Collect$$libinit$$00000035)
    .ARM.Collect$$libshutdown$$00000000      0x000002e8   Section        2  libshutdown.o(.ARM.Collect$$libshutdown$$00000000)
    .ARM.Collect$$libshutdown$$00000002      0x000002ea   Section        0  libshutdown2.o(.ARM.Collect$$libshutdown$$00000002)
    .ARM.Collect$$libshutdown$$00000004      0x000002ea   Section        0  libshutdown2.o(.ARM.Collect$$libshutdown$$00000004)
    .ARM.Collect$$libshutdown$$00000007      0x000002ea   Section        0  libshutdown2.o(.ARM.Collect$$libshutdown$$00000007)
    .ARM.Collect$$libshutdown$$0000000A      0x000002ea   Section        0  libshutdown2.o(.ARM.Collect$$libshutdown$$0000000A)
    .ARM.Collect$$libshutdown$$0000000C      0x000002ea   Section        0  libshutdown2.o(.ARM.Collect$$libshutdown$$0000000C)
    .ARM.Collect$$libshutdown$$0000000F      0x000002ea   Section        0  libshutdown2.o(.ARM.Collect$$libshutdown$$0000000F)
    .ARM.Collect$$libshutdown$$00000010      0x000002ea   Section        2  libshutdown2.o(.ARM.Collect$$libshutdown$$00000010)
    .ARM.Collect$$rtentry$$00000000          0x000002ec   Section        0  __rtentry.o(.ARM.Collect$$rtentry$$00000000)
    .ARM.Collect$$rtentry$$00000002          0x000002ec   Section        0  __rtentry2.o(.ARM.Collect$$rtentry$$00000002)
    .ARM.Collect$$rtentry$$00000004          0x000002ec   Section        6  __rtentry4.o(.ARM.Collect$$rtentry$$00000004)
    .ARM.Collect$$rtentry$$00000009          0x000002f2   Section        0  __rtentry2.o(.ARM.Collect$$rtentry$$00000009)
    .ARM.Collect$$rtentry$$0000000A          0x000002f2   Section        4  __rtentry2.o(.ARM.Collect$$rtentry$$0000000A)
    .ARM.Collect$$rtentry$$0000000C          0x000002f6   Section        0  __rtentry2.o(.ARM.Collect$$rtentry$$0000000C)
    .ARM.Collect$$rtentry$$0000000D          0x000002f6   Section        8  __rtentry2.o(.ARM.Collect$$rtentry$$0000000D)
    .ARM.Collect$$rtexit$$00000000           0x000002fe   Section        2  rtexit.o(.ARM.Collect$$rtexit$$00000000)
    .ARM.Collect$$rtexit$$00000002           0x00000300   Section        0  rtexit2.o(.ARM.Collect$$rtexit$$00000002)
    .ARM.Collect$$rtexit$$00000003           0x00000300   Section        4  rtexit2.o(.ARM.Collect$$rtexit$$00000003)
    .ARM.Collect$$rtexit$$00000004           0x00000304   Section        6  rtexit2.o(.ARM.Collect$$rtexit$$00000004)
    $v0                                      0x0000030c   Number         0  startup_tm4c123.o(.text)
    .text                                    0x0000030c   Section      276  startup_tm4c123.o(.text)
    .text                                    0x00000420   Section      138  rt_memcpy_v6.o(.text)
    .text                                    0x000004aa   Section       68  rt_memclr.o(.text)
    .text                                    0x000004ee   Section        0  heapauxi.o(.text)
    .text                                    0x000004f4   Section      100  rt_memcpy_w.o(.text)
    .text                                    0x00000558   Section       78  rt_memclr_w.o(.text)
    .text                                    0x000005a6   Section       74  sys_stackheap_outer.o(.text)
    .text                                    0x000005f0   Section        0  exit.o(.text)
    .text                                    0x00000604   Section        8  libspace.o(.text)
    .text                                    0x0000060c   Section        0  sys_exit.o(.text)
    .text                                    0x00000618   Section        2  use_no_semi.o(.text)
    .text                                    0x0000061a   Section        0  indicate_semi.o(.text)
    [Anonymous Symbol]                       0x0000061c   Section        0  main.o(.text.Driver)
    [Anonymous Symbol]                       0x0000073c   Section        0  main.o(.text.DriverMotor)
    [Anonymous Symbol]                       0x00000838   Section        0  main.o(.text.JammerDriverHandler)
    [Anonymous Symbol]                       0x000008b0   Section        0  main.o(.text.JammerPassengerHandler)
    [Anonymous Symbol]                       0x0000091c   Section        0  main.o(.text.Passenger)
    [Anonymous Symbol]                       0x000009dc   Section        0  main.o(.text.PassengerMotor)
    [Anonymous Symbol]                       0x00000ae0   Section        0  port.o(.text.PendSV_Handler)
    pxCurrentTCBConst                        0x00000b40   Number         0  port.o(.text.PendSV_Handler)
    [Anonymous Symbol]                       0x00000b50   Section        0  port.o(.text.SVC_Handler)
    pxCurrentTCBConst2                       0x00000b70   Number         0  port.o(.text.SVC_Handler)
    [Anonymous Symbol]                       0x00000b74   Section        0  port.o(.text.SysTick_Handler)
    [Anonymous Symbol]                       0x00000ba4   Section        0  system_tm4c123.o(.text.SystemInit)
    [Anonymous Symbol]                       0x00000c14   Section        0  main.o(.text.inits)
    [Anonymous Symbol]                       0x00000dbc   Section        0  main.o(.text.main)
    prvAddCurrentTaskToDelayedList           0x00000f1d   Thumb Code   192  tasks.o(.text.prvAddCurrentTaskToDelayedList)
    [Anonymous Symbol]                       0x00000f1c   Section        0  tasks.o(.text.prvAddCurrentTaskToDelayedList)
    prvIdleTask                              0x00000fdd   Thumb Code   118  tasks.o(.text.prvIdleTask)
    [Anonymous Symbol]                       0x00000fdc   Section        0  tasks.o(.text.prvIdleTask)
    prvNotifyQueueSetContainer               0x00001055   Thumb Code   204  queue.o(.text.prvNotifyQueueSetContainer)
    [Anonymous Symbol]                       0x00001054   Section        0  queue.o(.text.prvNotifyQueueSetContainer)
    prvPortStartFirstTask                    0x00001121   Thumb Code    40  port.o(.text.prvPortStartFirstTask)
    [Anonymous Symbol]                       0x00001120   Section        0  port.o(.text.prvPortStartFirstTask)
    prvProcessExpiredTimer                   0x00001149   Thumb Code   130  timers.o(.text.prvProcessExpiredTimer)
    [Anonymous Symbol]                       0x00001148   Section        0  timers.o(.text.prvProcessExpiredTimer)
    prvTaskExitError                         0x000011cd   Thumb Code    50  port.o(.text.prvTaskExitError)
    [Anonymous Symbol]                       0x000011cc   Section        0  port.o(.text.prvTaskExitError)
    prvTimerTask                             0x00001201   Thumb Code   570  timers.o(.text.prvTimerTask)
    [Anonymous Symbol]                       0x00001200   Section        0  timers.o(.text.prvTimerTask)
    prvUnlockQueue                           0x0000143d   Thumb Code   136  queue.o(.text.prvUnlockQueue)
    [Anonymous Symbol]                       0x0000143c   Section        0  queue.o(.text.prvUnlockQueue)
    [Anonymous Symbol]                       0x000014c4   Section        0  heap_1.o(.text.pvPortMalloc)
    [Anonymous Symbol]                       0x00001530   Section        0  tasks.o(.text.pvTaskIncrementMutexHeldCount)
    [Anonymous Symbol]                       0x00001548   Section        0  port.o(.text.pxPortInitialiseStack)
    [Anonymous Symbol]                       0x00001570   Section        0  list.o(.text.uxListRemove)
    [Anonymous Symbol]                       0x00001594   Section        0  tasks.o(.text.uxTaskGetNumberOfTasks)
    [Anonymous Symbol]                       0x000015a0   Section        0  list.o(.text.vListInitialise)
    [Anonymous Symbol]                       0x000015b8   Section        0  list.o(.text.vListInitialiseItem)
    [Anonymous Symbol]                       0x000015c0   Section        0  list.o(.text.vListInsert)
    vPortEnableVFP                           0x000015fd   Thumb Code    20  port.o(.text.vPortEnableVFP)
    [Anonymous Symbol]                       0x000015fc   Section        0  port.o(.text.vPortEnableVFP)
    [Anonymous Symbol]                       0x00001610   Section        0  port.o(.text.vPortEnterCritical)
    [Anonymous Symbol]                       0x00001658   Section        0  port.o(.text.vPortExitCritical)
    [Anonymous Symbol]                       0x00001688   Section        0  heap_1.o(.text.vPortFree)
    [Anonymous Symbol]                       0x000016a4   Section        0  port.o(.text.vPortSetupTimerInterrupt)
    [Anonymous Symbol]                       0x000016d8   Section        0  queue.o(.text.vQueueWaitForMessageRestricted)
    [Anonymous Symbol]                       0x00001720   Section        0  tasks.o(.text.vTaskInternalSetTimeOutState)
    [Anonymous Symbol]                       0x0000173c   Section        0  tasks.o(.text.vTaskMissedYield)
    [Anonymous Symbol]                       0x0000174c   Section        0  tasks.o(.text.vTaskPlaceOnEventList)
    [Anonymous Symbol]                       0x00001784   Section        0  tasks.o(.text.vTaskPlaceOnEventListRestricted)
    [Anonymous Symbol]                       0x000017f8   Section        0  tasks.o(.text.vTaskPriorityDisinheritAfterTimeout)
    [Anonymous Symbol]                       0x000018c8   Section        0  tasks.o(.text.vTaskStartScheduler)
    [Anonymous Symbol]                       0x00001964   Section        0  tasks.o(.text.vTaskSuspendAll)
    __tagsym$$used.0                         0x00001974   Number         0  tasks.o(.text.vTaskSwitchContext)
    [Anonymous Symbol]                       0x00001974   Section        0  tasks.o(.text.vTaskSwitchContext)
    [Anonymous Symbol]                       0x000019fc   Section        0  port.o(.text.xPortStartScheduler)
    [Anonymous Symbol]                       0x00001b30   Section        0  queue.o(.text.xQueueGenericCreate)
    [Anonymous Symbol]                       0x00001bbc   Section        0  queue.o(.text.xQueueGenericSend)
    [Anonymous Symbol]                       0x00001e00   Section        0  queue.o(.text.xQueueReceive)
    [Anonymous Symbol]                       0x00001fa8   Section        0  queue.o(.text.xQueueSemaphoreTake)
    [Anonymous Symbol]                       0x00002174   Section        0  tasks.o(.text.xTaskCheckForTimeOut)
    [Anonymous Symbol]                       0x00002208   Section        0  tasks.o(.text.xTaskCreate)
    [Anonymous Symbol]                       0x00002400   Section        0  tasks.o(.text.xTaskGetSchedulerState)
    [Anonymous Symbol]                       0x00002428   Section        0  tasks.o(.text.xTaskGetTickCount)
    [Anonymous Symbol]                       0x00002434   Section        0  tasks.o(.text.xTaskIncrementTick)
    [Anonymous Symbol]                       0x000025f0   Section        0  tasks.o(.text.xTaskPriorityDisinherit)
    [Anonymous Symbol]                       0x000026b8   Section        0  tasks.o(.text.xTaskPriorityInherit)
    [Anonymous Symbol]                       0x00002778   Section        0  tasks.o(.text.xTaskRemoveFromEventList)
    [Anonymous Symbol]                       0x00002868   Section        0  tasks.o(.text.xTaskResumeAll)
    [Anonymous Symbol]                       0x000029ec   Section        0  timers.o(.text.xTimerCreateTimerTask)
    $v0                                      0x00002a90   Number         0  fpinit.o(x$fpl$fpinit)
    x$fpl$fpinit                             0x00002a90   Section       26  fpinit.o(x$fpl$fpinit)
    uxCriticalNesting                        0x20000004   Data           4  port.o(.data.uxCriticalNesting)
    [Anonymous Symbol]                       0x20000004   Section        0  port.o(.data.uxCriticalNesting)
    .bss                                     0x20000008   Section       96  libspace.o(.bss)
    prvSampleTimeNow.xLastTime               0x20000080   Data           4  timers.o(.bss.prvSampleTimeNow.xLastTime)
    [Anonymous Symbol]                       0x20000080   Section        0  timers.o(.bss.prvSampleTimeNow.xLastTime)
    pvPortMalloc.pucAlignedHeap              0x20000084   Data           4  heap_1.o(.bss.pvPortMalloc.pucAlignedHeap)
    [Anonymous Symbol]                       0x20000084   Section        0  heap_1.o(.bss.pvPortMalloc.pucAlignedHeap)
    __tagsym$$used.1                         0x20000088   Number         0  tasks.o(.bss.pxCurrentTCB)
    pxCurrentTimerList                       0x2000008c   Data           4  timers.o(.bss.pxCurrentTimerList)
    [Anonymous Symbol]                       0x2000008c   Section        0  timers.o(.bss.pxCurrentTimerList)
    pxDelayedTaskList                        0x20000090   Data           4  tasks.o(.bss.pxDelayedTaskList)
    [Anonymous Symbol]                       0x20000090   Section        0  tasks.o(.bss.pxDelayedTaskList)
    pxOverflowDelayedTaskList                0x20000094   Data           4  tasks.o(.bss.pxOverflowDelayedTaskList)
    [Anonymous Symbol]                       0x20000094   Section        0  tasks.o(.bss.pxOverflowDelayedTaskList)
    pxOverflowTimerList                      0x20000098   Data           4  timers.o(.bss.pxOverflowTimerList)
    [Anonymous Symbol]                       0x20000098   Section        0  timers.o(.bss.pxOverflowTimerList)
    pxReadyTasksLists                        0x2000009c   Data         100  tasks.o(.bss.pxReadyTasksLists)
    [Anonymous Symbol]                       0x2000009c   Section        0  tasks.o(.bss.pxReadyTasksLists)
    ucHeap                                   0x20000100   Data       16384  heap_1.o(.bss.ucHeap)
    [Anonymous Symbol]                       0x20000100   Section        0  heap_1.o(.bss.ucHeap)
    ucMaxSysCallPriority                     0x20004100   Data           1  port.o(.bss.ucMaxSysCallPriority)
    [Anonymous Symbol]                       0x20004100   Section        0  port.o(.bss.ucMaxSysCallPriority)
    ulMaxPRIGROUPValue                       0x20004104   Data           4  port.o(.bss.ulMaxPRIGROUPValue)
    [Anonymous Symbol]                       0x20004104   Section        0  port.o(.bss.ulMaxPRIGROUPValue)
    uxCurrentNumberOfTasks                   0x20004108   Data           4  tasks.o(.bss.uxCurrentNumberOfTasks)
    [Anonymous Symbol]                       0x20004108   Section        0  tasks.o(.bss.uxCurrentNumberOfTasks)
    uxDeletedTasksWaitingCleanUp             0x2000410c   Data           4  tasks.o(.bss.uxDeletedTasksWaitingCleanUp)
    [Anonymous Symbol]                       0x2000410c   Section        0  tasks.o(.bss.uxDeletedTasksWaitingCleanUp)
    uxSchedulerSuspended                     0x20004110   Data           4  tasks.o(.bss.uxSchedulerSuspended)
    [Anonymous Symbol]                       0x20004110   Section        0  tasks.o(.bss.uxSchedulerSuspended)
    uxTaskNumber                             0x20004114   Data           4  tasks.o(.bss.uxTaskNumber)
    [Anonymous Symbol]                       0x20004114   Section        0  tasks.o(.bss.uxTaskNumber)
    uxTopReadyPriority                       0x20004118   Data           4  tasks.o(.bss.uxTopReadyPriority)
    [Anonymous Symbol]                       0x20004118   Section        0  tasks.o(.bss.uxTopReadyPriority)
    xActiveTimerList1                        0x2000411c   Data          20  timers.o(.bss.xActiveTimerList1)
    [Anonymous Symbol]                       0x2000411c   Section        0  timers.o(.bss.xActiveTimerList1)
    xActiveTimerList2                        0x20004130   Data          20  timers.o(.bss.xActiveTimerList2)
    [Anonymous Symbol]                       0x20004130   Section        0  timers.o(.bss.xActiveTimerList2)
    xDelayedTaskList1                        0x20004144   Data          20  tasks.o(.bss.xDelayedTaskList1)
    [Anonymous Symbol]                       0x20004144   Section        0  tasks.o(.bss.xDelayedTaskList1)
    xDelayedTaskList2                        0x20004158   Data          20  tasks.o(.bss.xDelayedTaskList2)
    [Anonymous Symbol]                       0x20004158   Section        0  tasks.o(.bss.xDelayedTaskList2)
    xIdleTaskHandle                          0x2000416c   Data           4  tasks.o(.bss.xIdleTaskHandle)
    [Anonymous Symbol]                       0x2000416c   Section        0  tasks.o(.bss.xIdleTaskHandle)
    xNextFreeByte                            0x20004170   Data           4  heap_1.o(.bss.xNextFreeByte)
    [Anonymous Symbol]                       0x20004170   Section        0  heap_1.o(.bss.xNextFreeByte)
    xNextTaskUnblockTime                     0x20004174   Data           4  tasks.o(.bss.xNextTaskUnblockTime)
    [Anonymous Symbol]                       0x20004174   Section        0  tasks.o(.bss.xNextTaskUnblockTime)
    xNumOfOverflows                          0x20004178   Data           4  tasks.o(.bss.xNumOfOverflows)
    [Anonymous Symbol]                       0x20004178   Section        0  tasks.o(.bss.xNumOfOverflows)
    xPendedTicks                             0x2000417c   Data           4  tasks.o(.bss.xPendedTicks)
    [Anonymous Symbol]                       0x2000417c   Section        0  tasks.o(.bss.xPendedTicks)
    xPendingReadyList                        0x20004180   Data          20  tasks.o(.bss.xPendingReadyList)
    [Anonymous Symbol]                       0x20004180   Section        0  tasks.o(.bss.xPendingReadyList)
    xSchedulerRunning                        0x20004194   Data           4  tasks.o(.bss.xSchedulerRunning)
    [Anonymous Symbol]                       0x20004194   Section        0  tasks.o(.bss.xSchedulerRunning)
    xSuspendedTaskList                       0x20004198   Data          20  tasks.o(.bss.xSuspendedTaskList)
    [Anonymous Symbol]                       0x20004198   Section        0  tasks.o(.bss.xSuspendedTaskList)
    xTasksWaitingTermination                 0x200041ac   Data          20  tasks.o(.bss.xTasksWaitingTermination)
    [Anonymous Symbol]                       0x200041ac   Section        0  tasks.o(.bss.xTasksWaitingTermination)
    xTickCount                               0x200041c0   Data           4  tasks.o(.bss.xTickCount)
    [Anonymous Symbol]                       0x200041c0   Section        0  tasks.o(.bss.xTickCount)
    xTimerQueue                              0x200041c4   Data           4  timers.o(.bss.xTimerQueue)
    [Anonymous Symbol]                       0x200041c4   Section        0  timers.o(.bss.xTimerQueue)
    xTimerTaskHandle                         0x200041c8   Data           4  timers.o(.bss.xTimerTaskHandle)
    [Anonymous Symbol]                       0x200041c8   Section        0  timers.o(.bss.xTimerTaskHandle)
    xYieldPending                            0x200041cc   Data           4  tasks.o(.bss.xYieldPending)
    [Anonymous Symbol]                       0x200041cc   Section        0  tasks.o(.bss.xYieldPending)
    Heap_Mem                                 0x200041d0   Data           0  startup_tm4c123.o(HEAP)
    Stack_Mem                                0x200041d0   Data         512  startup_tm4c123.o(STACK)
    HEAP                                     0x200041d0   Section        0  startup_tm4c123.o(HEAP)
    STACK                                    0x200041d0   Section      512  startup_tm4c123.o(STACK)
    __initial_sp                             0x200043d0   Data           0  startup_tm4c123.o(STACK)

    Global Symbols

    Symbol Name                              Value     Ov Type        Size  Object(Section)

    BuildAttributes$$THM_ISAv4$E$P$D$K$B$S$7EM$VFPi3$EXTD16$VFPS$VFMA$PE$A:L22UL41UL21$X:L11$S22US41US21$IEEE1$IW$~IW$USESV6$~STKCKD$USESV7$~SHL$OTIME$ROPI$EBA8$UX$STANDARDLIB$REQ8$PRES8$EABIv2 0x00000000   Number         0  anon$$obj.o ABSOLUTE
    __Vectors                                0x00000000   Data           4  startup_tm4c123.o(RESET)
    __ARM_exceptions_init                     - Undefined Weak Reference
    __alloca_initialize                       - Undefined Weak Reference
    __arm_preinit_                            - Undefined Weak Reference
    __arm_relocate_pie_                       - Undefined Weak Reference
    __cpp_initialize__aeabi_                  - Undefined Weak Reference
    __cxa_finalize                            - Undefined Weak Reference
    __rt_locale                               - Undefined Weak Reference
    __sigvec_lookup                           - Undefined Weak Reference
    _atexit_init                              - Undefined Weak Reference
    _call_atexit_fns                          - Undefined Weak Reference
    _clock_init                               - Undefined Weak Reference
    _fp_trap_init                             - Undefined Weak Reference
    _fp_trap_shutdown                         - Undefined Weak Reference
    _get_lc_collate                           - Undefined Weak Reference
    _get_lc_ctype                             - Undefined Weak Reference
    _get_lc_monetary                          - Undefined Weak Reference
    _get_lc_numeric                           - Undefined Weak Reference
    _get_lc_time                              - Undefined Weak Reference
    _getenv_init                              - Undefined Weak Reference
    _handle_redirection                       - Undefined Weak Reference
    _init_alloc                               - Undefined Weak Reference
    _init_user_alloc                          - Undefined Weak Reference
    _initio                                   - Undefined Weak Reference
    _rand_init                                - Undefined Weak Reference
    _signal_finish                            - Undefined Weak Reference
    _signal_init                              - Undefined Weak Reference
    _terminate_alloc                          - Undefined Weak Reference
    _terminate_user_alloc                     - Undefined Weak Reference
    _terminateio                              - Undefined Weak Reference
    __Vectors_End                            0x0000026c   Data           0  startup_tm4c123.o(RESET)
    __Vectors_Size                           0x0000026c   Number         0  startup_tm4c123.o ABSOLUTE
    __main                                   0x0000026d   Thumb Code     8  __main.o(!!!main)
    __scatterload                            0x00000275   Thumb Code     0  __scatter.o(!!!scatter)
    __scatterload_rt2                        0x00000275   Thumb Code    44  __scatter.o(!!!scatter)
    __scatterload_rt2_thumb_only             0x00000275   Thumb Code     0  __scatter.o(!!!scatter)
    __scatterload_null                       0x00000283   Thumb Code     0  __scatter.o(!!!scatter)
    __scatterload_copy                       0x000002a9   Thumb Code    26  __scatter_copy.o(!!handler_copy)
    __scatterload_zeroinit                   0x000002c5   Thumb Code    28  __scatter_zi.o(!!handler_zi)
    __rt_lib_init                            0x000002e1   Thumb Code     0  libinit.o(.ARM.Collect$$libinit$$00000000)
    __rt_lib_init_fp_1                       0x000002e3   Thumb Code     0  libinit2.o(.ARM.Collect$$libinit$$00000001)
    __rt_lib_init_alloca_1                   0x000002e7   Thumb Code     0  libinit2.o(.ARM.Collect$$libinit$$00000030)
    __rt_lib_init_argv_1                     0x000002e7   Thumb Code     0  libinit2.o(.ARM.Collect$$libinit$$0000002E)
    __rt_lib_init_atexit_1                   0x000002e7   Thumb Code     0  libinit2.o(.ARM.Collect$$libinit$$0000001D)
    __rt_lib_init_clock_1                    0x000002e7   Thumb Code     0  libinit2.o(.ARM.Collect$$libinit$$00000023)
    __rt_lib_init_cpp_1                      0x000002e7   Thumb Code     0  libinit2.o(.ARM.Collect$$libinit$$00000034)
    __rt_lib_init_exceptions_1               0x000002e7   Thumb Code     0  libinit2.o(.ARM.Collect$$libinit$$00000032)
    __rt_lib_init_fp_trap_1                  0x000002e7   Thumb Code     0  libinit2.o(.ARM.Collect$$libinit$$00000021)
    __rt_lib_init_getenv_1                   0x000002e7   Thumb Code     0  libinit2.o(.ARM.Collect$$libinit$$00000025)
    __rt_lib_init_heap_1                     0x000002e7   Thumb Code     0  libinit2.o(.ARM.Collect$$libinit$$0000000C)
    __rt_lib_init_lc_collate_1               0x000002e7   Thumb Code     0  libinit2.o(.ARM.Collect$$libinit$$00000013)
    __rt_lib_init_lc_ctype_1                 0x000002e7   Thumb Code     0  libinit2.o(.ARM.Collect$$libinit$$00000015)
    __rt_lib_init_lc_monetary_1              0x000002e7   Thumb Code     0  libinit2.o(.ARM.Collect$$libinit$$00000017)
    __rt_lib_init_lc_numeric_1               0x000002e7   Thumb Code     0  libinit2.o(.ARM.Collect$$libinit$$00000019)
    __rt_lib_init_lc_time_1                  0x000002e7   Thumb Code     0  libinit2.o(.ARM.Collect$$libinit$$0000001B)
    __rt_lib_init_preinit_1                  0x000002e7   Thumb Code     0  libinit2.o(.ARM.Collect$$libinit$$00000006)
    __rt_lib_init_rand_1                     0x000002e7   Thumb Code     0  libinit2.o(.ARM.Collect$$libinit$$00000010)
    __rt_lib_init_relocate_pie_1             0x000002e7   Thumb Code     0  libinit2.o(.ARM.Collect$$libinit$$00000004)
    __rt_lib_init_return                     0x000002e7   Thumb Code     0  libinit2.o(.ARM.Collect$$libinit$$00000035)
    __rt_lib_init_signal_1                   0x000002e7   Thumb Code     0  libinit2.o(.ARM.Collect$$libinit$$0000001F)
    __rt_lib_init_stdio_1                    0x000002e7   Thumb Code     0  libinit2.o(.ARM.Collect$$libinit$$00000027)
    __rt_lib_init_user_alloc_1               0x000002e7   Thumb Code     0  libinit2.o(.ARM.Collect$$libinit$$0000000E)
    __rt_lib_shutdown                        0x000002e9   Thumb Code     0  libshutdown.o(.ARM.Collect$$libshutdown$$00000000)
    __rt_lib_shutdown_cpp_1                  0x000002eb   Thumb Code     0  libshutdown2.o(.ARM.Collect$$libshutdown$$00000002)
    __rt_lib_shutdown_fp_trap_1              0x000002eb   Thumb Code     0  libshutdown2.o(.ARM.Collect$$libshutdown$$00000007)
    __rt_lib_shutdown_heap_1                 0x000002eb   Thumb Code     0  libshutdown2.o(.ARM.Collect$$libshutdown$$0000000F)
    __rt_lib_shutdown_return                 0x000002eb   Thumb Code     0  libshutdown2.o(.ARM.Collect$$libshutdown$$00000010)
    __rt_lib_shutdown_signal_1               0x000002eb   Thumb Code     0  libshutdown2.o(.ARM.Collect$$libshutdown$$0000000A)
    __rt_lib_shutdown_stdio_1                0x000002eb   Thumb Code     0  libshutdown2.o(.ARM.Collect$$libshutdown$$00000004)
    __rt_lib_shutdown_user_alloc_1           0x000002eb   Thumb Code     0  libshutdown2.o(.ARM.Collect$$libshutdown$$0000000C)
    __rt_entry                               0x000002ed   Thumb Code     0  __rtentry.o(.ARM.Collect$$rtentry$$00000000)
    __rt_entry_presh_1                       0x000002ed   Thumb Code     0  __rtentry2.o(.ARM.Collect$$rtentry$$00000002)
    __rt_entry_sh                            0x000002ed   Thumb Code     0  __rtentry4.o(.ARM.Collect$$rtentry$$00000004)
    __rt_entry_li                            0x000002f3   Thumb Code     0  __rtentry2.o(.ARM.Collect$$rtentry$$0000000A)
    __rt_entry_postsh_1                      0x000002f3   Thumb Code     0  __rtentry2.o(.ARM.Collect$$rtentry$$00000009)
    __rt_entry_main                          0x000002f7   Thumb Code     0  __rtentry2.o(.ARM.Collect$$rtentry$$0000000D)
    __rt_entry_postli_1                      0x000002f7   Thumb Code     0  __rtentry2.o(.ARM.Collect$$rtentry$$0000000C)
    __rt_exit                                0x000002ff   Thumb Code     0  rtexit.o(.ARM.Collect$$rtexit$$00000000)
    __rt_exit_ls                             0x00000301   Thumb Code     0  rtexit2.o(.ARM.Collect$$rtexit$$00000003)
    __rt_exit_prels_1                        0x00000301   Thumb Code     0  rtexit2.o(.ARM.Collect$$rtexit$$00000002)
    __rt_exit_exit                           0x00000305   Thumb Code     0  rtexit2.o(.ARM.Collect$$rtexit$$00000004)
    Reset_Handler                            0x0000030d   Thumb Code     8  startup_tm4c123.o(.text)
    NMI_Handler                              0x00000315   Thumb Code     2  startup_tm4c123.o(.text)
    HardFault_Handler                        0x00000317   Thumb Code     2  startup_tm4c123.o(.text)
    MemManage_Handler                        0x00000319   Thumb Code     2  startup_tm4c123.o(.text)
    BusFault_Handler                         0x0000031b   Thumb Code     2  startup_tm4c123.o(.text)
    UsageFault_Handler                       0x0000031d   Thumb Code     2  startup_tm4c123.o(.text)
    DebugMon_Handler                         0x00000321   Thumb Code     2  startup_tm4c123.o(.text)
    GPIOA_Handler                            0x00000327   Thumb Code     2  startup_tm4c123.o(.text)
    GPIOB_Handler                            0x00000329   Thumb Code     2  startup_tm4c123.o(.text)
    GPIOC_Handler                            0x0000032b   Thumb Code     2  startup_tm4c123.o(.text)
    GPIOD_Handler                            0x0000032d   Thumb Code     2  startup_tm4c123.o(.text)
    GPIOE_Handler                            0x0000032f   Thumb Code     2  startup_tm4c123.o(.text)
    UART0_Handler                            0x00000331   Thumb Code     2  startup_tm4c123.o(.text)
    UART1_Handler                            0x00000333   Thumb Code     2  startup_tm4c123.o(.text)
    SSI0_Handler                             0x00000335   Thumb Code     2  startup_tm4c123.o(.text)
    I2C0_Handler                             0x00000337   Thumb Code     2  startup_tm4c123.o(.text)
    PMW0_FAULT_Handler                       0x00000339   Thumb Code     2  startup_tm4c123.o(.text)
    PWM0_0_Handler                           0x0000033b   Thumb Code     2  startup_tm4c123.o(.text)
    PWM0_1_Handler                           0x0000033d   Thumb Code     2  startup_tm4c123.o(.text)
    PWM0_2_Handler                           0x0000033f   Thumb Code     2  startup_tm4c123.o(.text)
    QEI0_Handler                             0x00000341   Thumb Code     2  startup_tm4c123.o(.text)
    ADC0SS0_Handler                          0x00000343   Thumb Code     2  startup_tm4c123.o(.text)
    ADC0SS1_Handler                          0x00000345   Thumb Code     2  startup_tm4c123.o(.text)
    ADC0SS2_Handler                          0x00000347   Thumb Code     2  startup_tm4c123.o(.text)
    ADC0SS3_Handler                          0x00000349   Thumb Code     2  startup_tm4c123.o(.text)
    WDT0_Handler                             0x0000034b   Thumb Code     2  startup_tm4c123.o(.text)
    TIMER0A_Handler                          0x0000034d   Thumb Code     2  startup_tm4c123.o(.text)
    TIMER0B_Handler                          0x0000034f   Thumb Code     2  startup_tm4c123.o(.text)
    TIMER1A_Handler                          0x00000351   Thumb Code     2  startup_tm4c123.o(.text)
    TIMER1B_Handler                          0x00000353   Thumb Code     2  startup_tm4c123.o(.text)
    TIMER2A_Handler                          0x00000355   Thumb Code     2  startup_tm4c123.o(.text)
    TIMER2B_Handler                          0x00000357   Thumb Code     2  startup_tm4c123.o(.text)
    COMP0_Handler                            0x00000359   Thumb Code     2  startup_tm4c123.o(.text)
    COMP1_Handler                            0x0000035b   Thumb Code     2  startup_tm4c123.o(.text)
    COMP2_Handler                            0x0000035d   Thumb Code     2  startup_tm4c123.o(.text)
    SYSCTL_Handler                           0x0000035f   Thumb Code     2  startup_tm4c123.o(.text)
    FLASH_Handler                            0x00000361   Thumb Code     2  startup_tm4c123.o(.text)
    GPIOF_Handler                            0x00000363   Thumb Code     2  startup_tm4c123.o(.text)
    GPIOG_Handler                            0x00000365   Thumb Code     2  startup_tm4c123.o(.text)
    GPIOH_Handler                            0x00000367   Thumb Code     2  startup_tm4c123.o(.text)
    UART2_Handler                            0x00000369   Thumb Code     2  startup_tm4c123.o(.text)
    SSI1_Handler                             0x0000036b   Thumb Code     2  startup_tm4c123.o(.text)
    TIMER3A_Handler                          0x0000036d   Thumb Code     2  startup_tm4c123.o(.text)
    TIMER3B_Handler                          0x0000036f   Thumb Code     2  startup_tm4c123.o(.text)
    I2C1_Handler                             0x00000371   Thumb Code     2  startup_tm4c123.o(.text)
    QEI1_Handler                             0x00000373   Thumb Code     2  startup_tm4c123.o(.text)
    CAN0_Handler                             0x00000375   Thumb Code     2  startup_tm4c123.o(.text)
    CAN1_Handler                             0x00000377   Thumb Code     2  startup_tm4c123.o(.text)
    CAN2_Handler                             0x00000379   Thumb Code     2  startup_tm4c123.o(.text)
    HIB_Handler                              0x0000037b   Thumb Code     2  startup_tm4c123.o(.text)
    USB0_Handler                             0x0000037d   Thumb Code     2  startup_tm4c123.o(.text)
    PWM0_3_Handler                           0x0000037f   Thumb Code     2  startup_tm4c123.o(.text)
    UDMA_Handler                             0x00000381   Thumb Code     2  startup_tm4c123.o(.text)
    UDMAERR_Handler                          0x00000383   Thumb Code     2  startup_tm4c123.o(.text)
    ADC1SS0_Handler                          0x00000385   Thumb Code     2  startup_tm4c123.o(.text)
    ADC1SS1_Handler                          0x00000387   Thumb Code     2  startup_tm4c123.o(.text)
    ADC1SS2_Handler                          0x00000389   Thumb Code     2  startup_tm4c123.o(.text)
    ADC1SS3_Handler                          0x0000038b   Thumb Code     2  startup_tm4c123.o(.text)
    GPIOJ_Handler                            0x0000038d   Thumb Code     2  startup_tm4c123.o(.text)
    GPIOK_Handler                            0x0000038f   Thumb Code     2  startup_tm4c123.o(.text)
    GPIOL_Handler                            0x00000391   Thumb Code     2  startup_tm4c123.o(.text)
    SSI2_Handler                             0x00000393   Thumb Code     2  startup_tm4c123.o(.text)
    SSI3_Handler                             0x00000395   Thumb Code     2  startup_tm4c123.o(.text)
    UART3_Handler                            0x00000397   Thumb Code     2  startup_tm4c123.o(.text)
    UART4_Handler                            0x00000399   Thumb Code     2  startup_tm4c123.o(.text)
    UART5_Handler                            0x0000039b   Thumb Code     2  startup_tm4c123.o(.text)
    UART6_Handler                            0x0000039d   Thumb Code     2  startup_tm4c123.o(.text)
    UART7_Handler                            0x0000039f   Thumb Code     2  startup_tm4c123.o(.text)
    I2C2_Handler                             0x000003a1   Thumb Code     2  startup_tm4c123.o(.text)
    I2C3_Handler                             0x000003a3   Thumb Code     2  startup_tm4c123.o(.text)
    TIMER4A_Handler                          0x000003a5   Thumb Code     2  startup_tm4c123.o(.text)
    TIMER4B_Handler                          0x000003a7   Thumb Code     2  startup_tm4c123.o(.text)
    TIMER5A_Handler                          0x000003a9   Thumb Code     2  startup_tm4c123.o(.text)
    TIMER5B_Handler                          0x000003ab   Thumb Code     2  startup_tm4c123.o(.text)
    WTIMER0A_Handler                         0x000003ad   Thumb Code     2  startup_tm4c123.o(.text)
    WTIMER0B_Handler                         0x000003af   Thumb Code     2  startup_tm4c123.o(.text)
    WTIMER1A_Handler                         0x000003b1   Thumb Code     2  startup_tm4c123.o(.text)
    WTIMER1B_Handler                         0x000003b3   Thumb Code     2  startup_tm4c123.o(.text)
    WTIMER2A_Handler                         0x000003b5   Thumb Code     2  startup_tm4c123.o(.text)
    WTIMER2B_Handler                         0x000003b7   Thumb Code     2  startup_tm4c123.o(.text)
    WTIMER3A_Handler                         0x000003b9   Thumb Code     2  startup_tm4c123.o(.text)
    WTIMER3B_Handler                         0x000003bb   Thumb Code     2  startup_tm4c123.o(.text)
    WTIMER4A_Handler                         0x000003bd   Thumb Code     2  startup_tm4c123.o(.text)
    WTIMER4B_Handler                         0x000003bf   Thumb Code     2  startup_tm4c123.o(.text)
    WTIMER5A_Handler                         0x000003c1   Thumb Code     2  startup_tm4c123.o(.text)
    WTIMER5B_Handler                         0x000003c3   Thumb Code     2  startup_tm4c123.o(.text)
    FPU_Handler                              0x000003c5   Thumb Code     2  startup_tm4c123.o(.text)
    I2C4_Handler                             0x000003c7   Thumb Code     2  startup_tm4c123.o(.text)
    I2C5_Handler                             0x000003c9   Thumb Code     2  startup_tm4c123.o(.text)
    GPIOM_Handler                            0x000003cb   Thumb Code     2  startup_tm4c123.o(.text)
    GPION_Handler                            0x000003cd   Thumb Code     2  startup_tm4c123.o(.text)
    QEI2_Handler                             0x000003cf   Thumb Code     2  startup_tm4c123.o(.text)
    GPIOP0_Handler                           0x000003d1   Thumb Code     2  startup_tm4c123.o(.text)
    GPIOP1_Handler                           0x000003d3   Thumb Code     2  startup_tm4c123.o(.text)
    GPIOP2_Handler                           0x000003d5   Thumb Code     2  startup_tm4c123.o(.text)
    GPIOP3_Handler                           0x000003d7   Thumb Code     2  startup_tm4c123.o(.text)
    GPIOP4_Handler                           0x000003d9   Thumb Code     2  startup_tm4c123.o(.text)
    GPIOP5_Handler                           0x000003db   Thumb Code     2  startup_tm4c123.o(.text)
    GPIOP6_Handler                           0x000003dd   Thumb Code     2  startup_tm4c123.o(.text)
    GPIOP7_Handler                           0x000003df   Thumb Code     2  startup_tm4c123.o(.text)
    GPIOQ0_Handler                           0x000003e1   Thumb Code     2  startup_tm4c123.o(.text)
    GPIOQ1_Handler                           0x000003e3   Thumb Code     2  startup_tm4c123.o(.text)
    GPIOQ2_Handler                           0x000003e5   Thumb Code     2  startup_tm4c123.o(.text)
    GPIOQ3_Handler                           0x000003e7   Thumb Code     2  startup_tm4c123.o(.text)
    GPIOQ4_Handler                           0x000003e9   Thumb Code     2  startup_tm4c123.o(.text)
    GPIOQ5_Handler                           0x000003eb   Thumb Code     2  startup_tm4c123.o(.text)
    GPIOQ6_Handler                           0x000003ed   Thumb Code     2  startup_tm4c123.o(.text)
    GPIOQ7_Handler                           0x000003ef   Thumb Code     2  startup_tm4c123.o(.text)
    GPIOR_Handler                            0x000003f1   Thumb Code     2  startup_tm4c123.o(.text)
    GPIOS_Handler                            0x000003f3   Thumb Code     2  startup_tm4c123.o(.text)
    PMW1_0_Handler                           0x000003f5   Thumb Code     2  startup_tm4c123.o(.text)
    PWM1_1_Handler                           0x000003f7   Thumb Code     2  startup_tm4c123.o(.text)
    PWM1_2_Handler                           0x000003f9   Thumb Code     2  startup_tm4c123.o(.text)
    PWM1_3_Handler                           0x000003fb   Thumb Code     2  startup_tm4c123.o(.text)
    PWM1_FAULT_Handler                       0x000003fd   Thumb Code     2  startup_tm4c123.o(.text)
    __user_initial_stackheap                 0x00000401   Thumb Code     0  startup_tm4c123.o(.text)
    __aeabi_memcpy                           0x00000421   Thumb Code     0  rt_memcpy_v6.o(.text)
    __rt_memcpy                              0x00000421   Thumb Code   138  rt_memcpy_v6.o(.text)
    _memcpy_lastbytes                        0x00000487   Thumb Code     0  rt_memcpy_v6.o(.text)
    __aeabi_memclr                           0x000004ab   Thumb Code     0  rt_memclr.o(.text)
    __rt_memclr                              0x000004ab   Thumb Code     0  rt_memclr.o(.text)
    _memset                                  0x000004af   Thumb Code    64  rt_memclr.o(.text)
    __use_two_region_memory                  0x000004ef   Thumb Code     2  heapauxi.o(.text)
    __rt_heap_escrow$2region                 0x000004f1   Thumb Code     2  heapauxi.o(.text)
    __rt_heap_expand$2region                 0x000004f3   Thumb Code     2  heapauxi.o(.text)
    __aeabi_memcpy4                          0x000004f5   Thumb Code     0  rt_memcpy_w.o(.text)
    __aeabi_memcpy8                          0x000004f5   Thumb Code     0  rt_memcpy_w.o(.text)
    __rt_memcpy_w                            0x000004f5   Thumb Code   100  rt_memcpy_w.o(.text)
    _memcpy_lastbytes_aligned                0x0000053d   Thumb Code     0  rt_memcpy_w.o(.text)
    __aeabi_memclr4                          0x00000559   Thumb Code     0  rt_memclr_w.o(.text)
    __aeabi_memclr8                          0x00000559   Thumb Code     0  rt_memclr_w.o(.text)
    __rt_memclr_w                            0x00000559   Thumb Code     0  rt_memclr_w.o(.text)
    _memset_w                                0x0000055d   Thumb Code    74  rt_memclr_w.o(.text)
    __user_setup_stackheap                   0x000005a7   Thumb Code    74  sys_stackheap_outer.o(.text)
    exit                                     0x000005f1   Thumb Code    18  exit.o(.text)
    __user_libspace                          0x00000605   Thumb Code     8  libspace.o(.text)
    __user_perproc_libspace                  0x00000605   Thumb Code     0  libspace.o(.text)
    __user_perthread_libspace                0x00000605   Thumb Code     0  libspace.o(.text)
    _sys_exit                                0x0000060d   Thumb Code     8  sys_exit.o(.text)
    __I$use$semihosting                      0x00000619   Thumb Code     0  use_no_semi.o(.text)
    __use_no_semihosting_swi                 0x00000619   Thumb Code     2  use_no_semi.o(.text)
    __semihosting_library_function           0x0000061b   Thumb Code     0  indicate_semi.o(.text)
    Driver                                   0x0000061d   Thumb Code   288  main.o(.text.Driver)
    DriverMotor                              0x0000073d   Thumb Code   250  main.o(.text.DriverMotor)
    JammerDriverHandler                      0x00000839   Thumb Code   118  main.o(.text.JammerDriverHandler)
    JammerPassengerHandler                   0x000008b1   Thumb Code   108  main.o(.text.JammerPassengerHandler)
    Passenger                                0x0000091d   Thumb Code   190  main.o(.text.Passenger)
    PassengerMotor                           0x000009dd   Thumb Code   248  main.o(.text.PassengerMotor)
    PendSV_Handler                           0x00000ae1   Thumb Code   100  port.o(.text.PendSV_Handler)
    SVC_Handler                              0x00000b51   Thumb Code    36  port.o(.text.SVC_Handler)
    SysTick_Handler                          0x00000b75   Thumb Code    46  port.o(.text.SysTick_Handler)
    SystemInit                               0x00000ba5   Thumb Code   112  system_tm4c123.o(.text.SystemInit)
    inits                                    0x00000c15   Thumb Code   422  main.o(.text.inits)
    main                                     0x00000dbd   Thumb Code   260  main.o(.text.main)
    pvPortMalloc                             0x000014c5   Thumb Code   106  heap_1.o(.text.pvPortMalloc)
    pvTaskIncrementMutexHeldCount            0x00001531   Thumb Code    24  tasks.o(.text.pvTaskIncrementMutexHeldCount)
    pxPortInitialiseStack                    0x00001549   Thumb Code    40  port.o(.text.pxPortInitialiseStack)
    uxListRemove                             0x00001571   Thumb Code    36  list.o(.text.uxListRemove)
    uxTaskGetNumberOfTasks                   0x00001595   Thumb Code    12  tasks.o(.text.uxTaskGetNumberOfTasks)
    vListInitialise                          0x000015a1   Thumb Code    22  list.o(.text.vListInitialise)
    vListInitialiseItem                      0x000015b9   Thumb Code     6  list.o(.text.vListInitialiseItem)
    vListInsert                              0x000015c1   Thumb Code    58  list.o(.text.vListInsert)
    vPortEnterCritical                       0x00001611   Thumb Code    70  port.o(.text.vPortEnterCritical)
    vPortExitCritical                        0x00001659   Thumb Code    46  port.o(.text.vPortExitCritical)
    vPortFree                                0x00001689   Thumb Code    26  heap_1.o(.text.vPortFree)
    vPortSetupTimerInterrupt                 0x000016a5   Thumb Code    52  port.o(.text.vPortSetupTimerInterrupt)
    vQueueWaitForMessageRestricted           0x000016d9   Thumb Code    70  queue.o(.text.vQueueWaitForMessageRestricted)
    vTaskInternalSetTimeOutState             0x00001721   Thumb Code    26  tasks.o(.text.vTaskInternalSetTimeOutState)
    vTaskMissedYield                         0x0000173d   Thumb Code    14  tasks.o(.text.vTaskMissedYield)
    vTaskPlaceOnEventList                    0x0000174d   Thumb Code    54  tasks.o(.text.vTaskPlaceOnEventList)
    vTaskPlaceOnEventListRestricted          0x00001785   Thumb Code   114  tasks.o(.text.vTaskPlaceOnEventListRestricted)
    vTaskPriorityDisinheritAfterTimeout      0x000017f9   Thumb Code   206  tasks.o(.text.vTaskPriorityDisinheritAfterTimeout)
    vTaskStartScheduler                      0x000018c9   Thumb Code   148  tasks.o(.text.vTaskStartScheduler)
    vTaskSuspendAll                          0x00001965   Thumb Code    16  tasks.o(.text.vTaskSuspendAll)
    vTaskSwitchContext                       0x00001975   Thumb Code   134  tasks.o(.text.vTaskSwitchContext)
    xPortStartScheduler                      0x000019fd   Thumb Code   306  port.o(.text.xPortStartScheduler)
    xQueueGenericCreate                      0x00001b31   Thumb Code   138  queue.o(.text.xQueueGenericCreate)
    xQueueGenericSend                        0x00001bbd   Thumb Code   580  queue.o(.text.xQueueGenericSend)
    xQueueReceive                            0x00001e01   Thumb Code   424  queue.o(.text.xQueueReceive)
    xQueueSemaphoreTake                      0x00001fa9   Thumb Code   458  queue.o(.text.xQueueSemaphoreTake)
    xTaskCheckForTimeOut                     0x00002175   Thumb Code   146  tasks.o(.text.xTaskCheckForTimeOut)
    xTaskCreate                              0x00002209   Thumb Code   502  tasks.o(.text.xTaskCreate)
    xTaskGetSchedulerState                   0x00002401   Thumb Code    38  tasks.o(.text.xTaskGetSchedulerState)
    xTaskGetTickCount                        0x00002429   Thumb Code    12  tasks.o(.text.xTaskGetTickCount)
    xTaskIncrementTick                       0x00002435   Thumb Code   442  tasks.o(.text.xTaskIncrementTick)
    xTaskPriorityDisinherit                  0x000025f1   Thumb Code   198  tasks.o(.text.xTaskPriorityDisinherit)
    xTaskPriorityInherit                     0x000026b9   Thumb Code   190  tasks.o(.text.xTaskPriorityInherit)
    xTaskRemoveFromEventList                 0x00002779   Thumb Code   240  tasks.o(.text.xTaskRemoveFromEventList)
    xTaskResumeAll                           0x00002869   Thumb Code   388  tasks.o(.text.xTaskResumeAll)
    xTimerCreateTimerTask                    0x000029ed   Thumb Code   156  timers.o(.text.xTimerCreateTimerTask)
    _fp_init                                 0x00002a91   Thumb Code    26  fpinit.o(x$fpl$fpinit)
    __fplib_config_fpu_vfp                   0x00002aa9   Thumb Code     0  fpinit.o(x$fpl$fpinit)
    __fplib_config_pureend_doubles           0x00002aa9   Thumb Code     0  fpinit.o(x$fpl$fpinit)
    uxTopUsedPriority                        0x00002aac   Data           4  tasks.o(.rodata.uxTopUsedPriority)
    Region$$Table$$Base                      0x00002ab0   Number         0  anon$$obj.o(Region$$Table)
    Region$$Table$$Limit                     0x00002ad0   Number         0  anon$$obj.o(Region$$Table)
    SystemCoreClock                          0x20000000   Data           4  system_tm4c123.o(.data.SystemCoreClock)
    __libspace_start                         0x20000008   Data          96  libspace.o(.bss)
    DriverMotorQueue                         0x20000068   Data           4  main.o(.bss.DriverMotorQueue)
    __temporary_stack_top$libspace           0x20000068   Data           0  libspace.o(.bss)
    JammingDriverSemaphore                   0x2000006c   Data           4  main.o(.bss.JammingDriverSemaphore)
    JammingPassengerSemaphore                0x20000070   Data           4  main.o(.bss.JammingPassengerSemaphore)
    PassengerMotorQueue                      0x20000074   Data           4  main.o(.bss.PassengerMotorQueue)
    Please_Dont_Optimize                     0x20000078   Data           4  main.o(.bss.Please_Dont_Optimize)
    lock                                     0x2000007c   Data           4  main.o(.bss.lock)
    pxCurrentTCB                             0x20000088   Data           4  tasks.o(.bss.pxCurrentTCB)



==============================================================================

Memory Map of the image

  Image Entry point : 0x0000030d

  Load Region LR_1 (Base: 0x00000000, Size: 0x00002ad8, Max: 0xffffffff, ABSOLUTE)

    Execution Region ER_RO (Exec base: 0x00000000, Load base: 0x00000000, Size: 0x00002ad0, Max: 0xffffffff, ABSOLUTE)

    Exec Addr    Load Addr    Size         Type   Attr      Idx    E Section Name        Object

    0x00000000   0x00000000   0x0000026c   Data   RO           46    RESET               startup_tm4c123.o
    0x0000026c   0x0000026c   0x00000008   Code   RO          383  * !!!main             c_w.l(__main.o)
    0x00000274   0x00000274   0x00000034   Code   RO          552    !!!scatter          c_w.l(__scatter.o)
    0x000002a8   0x000002a8   0x0000001a   Code   RO          554    !!handler_copy      c_w.l(__scatter_copy.o)
    0x000002c2   0x000002c2   0x00000002   PAD
    0x000002c4   0x000002c4   0x0000001c   Code   RO          556    !!handler_zi        c_w.l(__scatter_zi.o)
    0x000002e0   0x000002e0   0x00000002   Code   RO          414    .ARM.Collect$$libinit$$00000000  c_w.l(libinit.o)
    0x000002e2   0x000002e2   0x00000004   Code   RO          420    .ARM.Collect$$libinit$$00000001  c_w.l(libinit2.o)
    0x000002e6   0x000002e6   0x00000000   Code   RO          423    .ARM.Collect$$libinit$$00000004  c_w.l(libinit2.o)
    0x000002e6   0x000002e6   0x00000000   Code   RO          425    .ARM.Collect$$libinit$$00000006  c_w.l(libinit2.o)
    0x000002e6   0x000002e6   0x00000000   Code   RO          428    .ARM.Collect$$libinit$$0000000C  c_w.l(libinit2.o)
    0x000002e6   0x000002e6   0x00000000   Code   RO          430    .ARM.Collect$$libinit$$0000000E  c_w.l(libinit2.o)
    0x000002e6   0x000002e6   0x00000000   Code   RO          432    .ARM.Collect$$libinit$$00000010  c_w.l(libinit2.o)
    0x000002e6   0x000002e6   0x00000000   Code   RO          435    .ARM.Collect$$libinit$$00000013  c_w.l(libinit2.o)
    0x000002e6   0x000002e6   0x00000000   Code   RO          437    .ARM.Collect$$libinit$$00000015  c_w.l(libinit2.o)
    0x000002e6   0x000002e6   0x00000000   Code   RO          439    .ARM.Collect$$libinit$$00000017  c_w.l(libinit2.o)
    0x000002e6   0x000002e6   0x00000000   Code   RO          441    .ARM.Collect$$libinit$$00000019  c_w.l(libinit2.o)
    0x000002e6   0x000002e6   0x00000000   Code   RO          443    .ARM.Collect$$libinit$$0000001B  c_w.l(libinit2.o)
    0x000002e6   0x000002e6   0x00000000   Code   RO          445    .ARM.Collect$$libinit$$0000001D  c_w.l(libinit2.o)
    0x000002e6   0x000002e6   0x00000000   Code   RO          447    .ARM.Collect$$libinit$$0000001F  c_w.l(libinit2.o)
    0x000002e6   0x000002e6   0x00000000   Code   RO          449    .ARM.Collect$$libinit$$00000021  c_w.l(libinit2.o)
    0x000002e6   0x000002e6   0x00000000   Code   RO          451    .ARM.Collect$$libinit$$00000023  c_w.l(libinit2.o)
    0x000002e6   0x000002e6   0x00000000   Code   RO          453    .ARM.Collect$$libinit$$00000025  c_w.l(libinit2.o)
    0x000002e6   0x000002e6   0x00000000   Code   RO          455    .ARM.Collect$$libinit$$00000027  c_w.l(libinit2.o)
    0x000002e6   0x000002e6   0x00000000   Code   RO          459    .ARM.Collect$$libinit$$0000002E  c_w.l(libinit2.o)
    0x000002e6   0x000002e6   0x00000000   Code   RO          461    .ARM.Collect$$libinit$$00000030  c_w.l(libinit2.o)
    0x000002e6   0x000002e6   0x00000000   Code   RO          463    .ARM.Collect$$libinit$$00000032  c_w.l(libinit2.o)
    0x000002e6   0x000002e6   0x00000000   Code   RO          465    .ARM.Collect$$libinit$$00000034  c_w.l(libinit2.o)
    0x000002e6   0x000002e6   0x00000002   Code   RO          466    .ARM.Collect$$libinit$$00000035  c_w.l(libinit2.o)
    0x000002e8   0x000002e8   0x00000002   Code   RO          488    .ARM.Collect$$libshutdown$$00000000  c_w.l(libshutdown.o)
    0x000002ea   0x000002ea   0x00000000   Code   RO          503    .ARM.Collect$$libshutdown$$00000002  c_w.l(libshutdown2.o)
    0x000002ea   0x000002ea   0x00000000   Code   RO          505    .ARM.Collect$$libshutdown$$00000004  c_w.l(libshutdown2.o)
    0x000002ea   0x000002ea   0x00000000   Code   RO          508    .ARM.Collect$$libshutdown$$00000007  c_w.l(libshutdown2.o)
    0x000002ea   0x000002ea   0x00000000   Code   RO          511    .ARM.Collect$$libshutdown$$0000000A  c_w.l(libshutdown2.o)
    0x000002ea   0x000002ea   0x00000000   Code   RO          513    .ARM.Collect$$libshutdown$$0000000C  c_w.l(libshutdown2.o)
    0x000002ea   0x000002ea   0x00000000   Code   RO          516    .ARM.Collect$$libshutdown$$0000000F  c_w.l(libshutdown2.o)
    0x000002ea   0x000002ea   0x00000002   Code   RO          517    .ARM.Collect$$libshutdown$$00000010  c_w.l(libshutdown2.o)
    0x000002ec   0x000002ec   0x00000000   Code   RO          385    .ARM.Collect$$rtentry$$00000000  c_w.l(__rtentry.o)
    0x000002ec   0x000002ec   0x00000000   Code   RO          391    .ARM.Collect$$rtentry$$00000002  c_w.l(__rtentry2.o)
    0x000002ec   0x000002ec   0x00000006   Code   RO          403    .ARM.Collect$$rtentry$$00000004  c_w.l(__rtentry4.o)
    0x000002f2   0x000002f2   0x00000000   Code   RO          393    .ARM.Collect$$rtentry$$00000009  c_w.l(__rtentry2.o)
    0x000002f2   0x000002f2   0x00000004   Code   RO          394    .ARM.Collect$$rtentry$$0000000A  c_w.l(__rtentry2.o)
    0x000002f6   0x000002f6   0x00000000   Code   RO          396    .ARM.Collect$$rtentry$$0000000C  c_w.l(__rtentry2.o)
    0x000002f6   0x000002f6   0x00000008   Code   RO          397    .ARM.Collect$$rtentry$$0000000D  c_w.l(__rtentry2.o)
    0x000002fe   0x000002fe   0x00000002   Code   RO          418    .ARM.Collect$$rtexit$$00000000  c_w.l(rtexit.o)
    0x00000300   0x00000300   0x00000000   Code   RO          468    .ARM.Collect$$rtexit$$00000002  c_w.l(rtexit2.o)
    0x00000300   0x00000300   0x00000004   Code   RO          469    .ARM.Collect$$rtexit$$00000003  c_w.l(rtexit2.o)
    0x00000304   0x00000304   0x00000006   Code   RO          470    .ARM.Collect$$rtexit$$00000004  c_w.l(rtexit2.o)
    0x0000030a   0x0000030a   0x00000002   PAD
    0x0000030c   0x0000030c   0x00000114   Code   RO           47  * .text               startup_tm4c123.o
    0x00000420   0x00000420   0x0000008a   Code   RO          377    .text               c_w.l(rt_memcpy_v6.o)
    0x000004aa   0x000004aa   0x00000044   Code   RO          379    .text               c_w.l(rt_memclr.o)
    0x000004ee   0x000004ee   0x00000006   Code   RO          381    .text               c_w.l(heapauxi.o)
    0x000004f4   0x000004f4   0x00000064   Code   RO          386    .text               c_w.l(rt_memcpy_w.o)
    0x00000558   0x00000558   0x0000004e   Code   RO          388    .text               c_w.l(rt_memclr_w.o)
    0x000005a6   0x000005a6   0x0000004a   Code   RO          405    .text               c_w.l(sys_stackheap_outer.o)
    0x000005f0   0x000005f0   0x00000012   Code   RO          407    .text               c_w.l(exit.o)
    0x00000602   0x00000602   0x00000002   PAD
    0x00000604   0x00000604   0x00000008   Code   RO          415    .text               c_w.l(libspace.o)
    0x0000060c   0x0000060c   0x0000000c   Code   RO          478    .text               c_w.l(sys_exit.o)
    0x00000618   0x00000618   0x00000002   Code   RO          493    .text               c_w.l(use_no_semi.o)
    0x0000061a   0x0000061a   0x00000000   Code   RO          495    .text               c_w.l(indicate_semi.o)
    0x0000061a   0x0000061a   0x00000002   PAD
    0x0000061c   0x0000061c   0x00000120   Code   RO           24    .text.Driver        main.o
    0x0000073c   0x0000073c   0x000000fa   Code   RO           20    .text.DriverMotor   main.o
    0x00000836   0x00000836   0x00000002   PAD
    0x00000838   0x00000838   0x00000076   Code   RO           16    .text.JammerDriverHandler  main.o
    0x000008ae   0x000008ae   0x00000002   PAD
    0x000008b0   0x000008b0   0x0000006c   Code   RO           18    .text.JammerPassengerHandler  main.o
    0x0000091c   0x0000091c   0x000000be   Code   RO           26    .text.Passenger     main.o
    0x000009da   0x000009da   0x00000002   PAD
    0x000009dc   0x000009dc   0x000000f8   Code   RO           22    .text.PassengerMotor  main.o
    0x00000ad4   0x00000ad4   0x0000000c   PAD
    0x00000ae0   0x00000ae0   0x00000064   Code   RO          107    .text.PendSV_Handler  port.o
    0x00000b44   0x00000b44   0x0000000c   PAD
    0x00000b50   0x00000b50   0x00000024   Code   RO           91    .text.SVC_Handler   port.o
    0x00000b74   0x00000b74   0x0000002e   Code   RO          109    .text.SysTick_Handler  port.o
    0x00000ba2   0x00000ba2   0x00000002   PAD
    0x00000ba4   0x00000ba4   0x00000070   Code   RO           56    .text.SystemInit    system_tm4c123.o
    0x00000c14   0x00000c14   0x000001a6   Code   RO           14    .text.inits         main.o
    0x00000dba   0x00000dba   0x00000002   PAD
    0x00000dbc   0x00000dbc   0x00000160   Code   RO           28    .text.main          main.o
    0x00000f1c   0x00000f1c   0x000000c0   Code   RO          215    .text.prvAddCurrentTaskToDelayedList  tasks.o
    0x00000fdc   0x00000fdc   0x00000076   Code   RO          239    .text.prvIdleTask   tasks.o
    0x00001052   0x00001052   0x00000002   PAD
    0x00001054   0x00001054   0x000000cc   Code   RO          159    .text.prvNotifyQueueSetContainer  queue.o
    0x00001120   0x00001120   0x00000028   Code   RO           99    .text.prvPortStartFirstTask  port.o
    0x00001148   0x00001148   0x00000082   Code   RO          359    .text.prvProcessExpiredTimer  timers.o
    0x000011ca   0x000011ca   0x00000002   PAD
    0x000011cc   0x000011cc   0x00000032   Code   RO           89    .text.prvTaskExitError  port.o
    0x000011fe   0x000011fe   0x00000002   PAD
    0x00001200   0x00001200   0x0000023a   Code   RO          333    .text.prvTimerTask  timers.o
    0x0000143a   0x0000143a   0x00000002   PAD
    0x0000143c   0x0000143c   0x00000088   Code   RO          161    .text.prvUnlockQueue  queue.o
    0x000014c4   0x000014c4   0x0000006a   Code   RO          124    .text.pvPortMalloc  heap_1.o
    0x0000152e   0x0000152e   0x00000002   PAD
    0x00001530   0x00001530   0x00000018   Code   RO          285    .text.pvTaskIncrementMutexHeldCount  tasks.o
    0x00001548   0x00001548   0x00000028   Code   RO           87    .text.pxPortInitialiseStack  port.o
    0x00001570   0x00001570   0x00000024   Code   RO           77    .text.uxListRemove  list.o
    0x00001594   0x00001594   0x0000000c   Code   RO          249    .text.uxTaskGetNumberOfTasks  tasks.o
    0x000015a0   0x000015a0   0x00000016   Code   RO           69    .text.vListInitialise  list.o
    0x000015b6   0x000015b6   0x00000002   PAD
    0x000015b8   0x000015b8   0x00000006   Code   RO           71    .text.vListInitialiseItem  list.o
    0x000015be   0x000015be   0x00000002   PAD
    0x000015c0   0x000015c0   0x0000003a   Code   RO           75    .text.vListInsert   list.o
    0x000015fa   0x000015fa   0x00000002   PAD
    0x000015fc   0x000015fc   0x00000014   Code   RO           97    .text.vPortEnableVFP  port.o
    0x00001610   0x00001610   0x00000046   Code   RO          103    .text.vPortEnterCritical  port.o
    0x00001656   0x00001656   0x00000002   PAD
    0x00001658   0x00001658   0x0000002e   Code   RO          105    .text.vPortExitCritical  port.o
    0x00001686   0x00001686   0x00000002   PAD
    0x00001688   0x00001688   0x0000001a   Code   RO          126    .text.vPortFree     heap_1.o
    0x000016a2   0x000016a2   0x00000002   PAD
    0x000016a4   0x000016a4   0x00000034   Code   RO           95    .text.vPortSetupTimerInterrupt  port.o
    0x000016d8   0x000016d8   0x00000046   Code   RO          187    .text.vQueueWaitForMessageRestricted  queue.o
    0x0000171e   0x0000171e   0x00000002   PAD
    0x00001720   0x00001720   0x0000001a   Code   RO          267    .text.vTaskInternalSetTimeOutState  tasks.o
    0x0000173a   0x0000173a   0x00000002   PAD
    0x0000173c   0x0000173c   0x0000000e   Code   RO          271    .text.vTaskMissedYield  tasks.o
    0x0000174a   0x0000174a   0x00000002   PAD
    0x0000174c   0x0000174c   0x00000036   Code   RO          255    .text.vTaskPlaceOnEventList  tasks.o
    0x00001782   0x00001782   0x00000002   PAD
    0x00001784   0x00001784   0x00000072   Code   RO          259    .text.vTaskPlaceOnEventListRestricted  tasks.o
    0x000017f6   0x000017f6   0x00000002   PAD
    0x000017f8   0x000017f8   0x000000ce   Code   RO          281    .text.vTaskPriorityDisinheritAfterTimeout  tasks.o
    0x000018c6   0x000018c6   0x00000002   PAD
    0x000018c8   0x000018c8   0x0000009c   Code   RO          237    .text.vTaskStartScheduler  tasks.o
    0x00001964   0x00001964   0x00000010   Code   RO          213    .text.vTaskSuspendAll  tasks.o
    0x00001974   0x00001974   0x00000086   Code   RO          231    .text.vTaskSwitchContext  tasks.o
    0x000019fa   0x000019fa   0x00000002   PAD
    0x000019fc   0x000019fc   0x00000132   Code   RO           93    .text.xPortStartScheduler  port.o
    0x00001b2e   0x00001b2e   0x00000002   PAD
    0x00001b30   0x00001b30   0x0000008a   Code   RO          145    .text.xQueueGenericCreate  queue.o
    0x00001bba   0x00001bba   0x00000002   PAD
    0x00001bbc   0x00001bbc   0x00000244   Code   RO          151    .text.xQueueGenericSend  queue.o
    0x00001e00   0x00001e00   0x000001a8   Code   RO          167    .text.xQueueReceive  queue.o
    0x00001fa8   0x00001fa8   0x000001ca   Code   RO          155    .text.xQueueSemaphoreTake  queue.o
    0x00002172   0x00002172   0x00000002   PAD
    0x00002174   0x00002174   0x00000092   Code   RO          269    .text.xTaskCheckForTimeOut  tasks.o
    0x00002206   0x00002206   0x00000002   PAD
    0x00002208   0x00002208   0x000001f6   Code   RO          207    .text.xTaskCreate   tasks.o
    0x000023fe   0x000023fe   0x00000002   PAD
    0x00002400   0x00002400   0x00000026   Code   RO          275    .text.xTaskGetSchedulerState  tasks.o
    0x00002426   0x00002426   0x00000002   PAD
    0x00002428   0x00002428   0x0000000c   Code   RO          245    .text.xTaskGetTickCount  tasks.o
    0x00002434   0x00002434   0x000001ba   Code   RO          243    .text.xTaskIncrementTick  tasks.o
    0x000025ee   0x000025ee   0x00000002   PAD
    0x000025f0   0x000025f0   0x000000c6   Code   RO          279    .text.xTaskPriorityDisinherit  tasks.o
    0x000026b6   0x000026b6   0x00000002   PAD
    0x000026b8   0x000026b8   0x000000be   Code   RO          277    .text.xTaskPriorityInherit  tasks.o
    0x00002776   0x00002776   0x00000002   PAD
    0x00002778   0x00002778   0x000000f0   Code   RO          261    .text.xTaskRemoveFromEventList  tasks.o
    0x00002868   0x00002868   0x00000184   Code   RO          217    .text.xTaskResumeAll  tasks.o
    0x000029ec   0x000029ec   0x000000a4   Code   RO          331    .text.xTimerCreateTimerTask  timers.o
    0x00002a90   0x00002a90   0x0000001a   Code   RO          476    x$fpl$fpinit        fz_wm.l(fpinit.o)
    0x00002aaa   0x00002aaa   0x00000002   PAD
    0x00002aac   0x00002aac   0x00000004   Data   RO          302    .rodata.uxTopUsedPriority  tasks.o
    0x00002ab0   0x00002ab0   0x00000020   Data   RO          551    Region$$Table       anon$$obj.o


    Execution Region ER_RW (Exec base: 0x20000000, Load base: 0x00002ad0, Size: 0x00000008, Max: 0xffffffff, ABSOLUTE)

    Exec Addr    Load Addr    Size         Type   Attr      Idx    E Section Name        Object

    0x20000000   0x00002ad0   0x00000004   Data   RW           58    .data.SystemCoreClock  system_tm4c123.o
    0x20000004   0x00002ad4   0x00000004   Data   RW          115    .data.uxCriticalNesting  port.o


    Execution Region ER_ZI (Exec base: 0x20000008, Load base: 0x00002ad8, Size: 0x000043c8, Max: 0xffffffff, ABSOLUTE)

    Exec Addr    Load Addr    Size         Type   Attr      Idx    E Section Name        Object

    0x20000008        -       0x00000060   Zero   RW          416    .bss                c_w.l(libspace.o)
    0x20000068        -       0x00000004   Zero   RW           34    .bss.DriverMotorQueue  main.o
    0x2000006c        -       0x00000004   Zero   RW           32    .bss.JammingDriverSemaphore  main.o
    0x20000070        -       0x00000004   Zero   RW           33    .bss.JammingPassengerSemaphore  main.o
    0x20000074        -       0x00000004   Zero   RW           35    .bss.PassengerMotorQueue  main.o
    0x20000078        -       0x00000004   Zero   RW           30    .bss.Please_Dont_Optimize  main.o
    0x2000007c        -       0x00000004   Zero   RW           31    .bss.lock           main.o
    0x20000080        -       0x00000004   Zero   RW          365    .bss.prvSampleTimeNow.xLastTime  timers.o
    0x20000084        -       0x00000004   Zero   RW          132    .bss.pvPortMalloc.pucAlignedHeap  heap_1.o
    0x20000088        -       0x00000004   Zero   RW          301    .bss.pxCurrentTCB   tasks.o
    0x2000008c        -       0x00000004   Zero   RW          363    .bss.pxCurrentTimerList  timers.o
    0x20000090        -       0x00000004   Zero   RW          312    .bss.pxDelayedTaskList  tasks.o
    0x20000094        -       0x00000004   Zero   RW          313    .bss.pxOverflowDelayedTaskList  tasks.o
    0x20000098        -       0x00000004   Zero   RW          364    .bss.pxOverflowTimerList  timers.o
    0x2000009c        -       0x00000064   Zero   RW          303    .bss.pxReadyTasksLists  tasks.o
    0x20000100        -       0x00004000   Zero   RW          133    .bss.ucHeap         heap_1.o
    0x20004100        -       0x00000001   Zero   RW          113    .bss.ucMaxSysCallPriority  port.o
    0x20004101   0x00002ad8   0x00000003   PAD
    0x20004104        -       0x00000004   Zero   RW          114    .bss.ulMaxPRIGROUPValue  port.o
    0x20004108        -       0x00000004   Zero   RW          308    .bss.uxCurrentNumberOfTasks  tasks.o
    0x2000410c        -       0x00000004   Zero   RW          307    .bss.uxDeletedTasksWaitingCleanUp  tasks.o
    0x20004110        -       0x00000004   Zero   RW          310    .bss.uxSchedulerSuspended  tasks.o
    0x20004114        -       0x00000004   Zero   RW          305    .bss.uxTaskNumber   tasks.o
    0x20004118        -       0x00000004   Zero   RW          304    .bss.uxTopReadyPriority  tasks.o
    0x2000411c        -       0x00000014   Zero   RW          366    .bss.xActiveTimerList1  timers.o
    0x20004130        -       0x00000014   Zero   RW          367    .bss.xActiveTimerList2  timers.o
    0x20004144        -       0x00000014   Zero   RW          321    .bss.xDelayedTaskList1  tasks.o
    0x20004158        -       0x00000014   Zero   RW          322    .bss.xDelayedTaskList2  tasks.o
    0x2000416c        -       0x00000004   Zero   RW          317    .bss.xIdleTaskHandle  tasks.o
    0x20004170        -       0x00000004   Zero   RW          134    .bss.xNextFreeByte  heap_1.o
    0x20004174        -       0x00000004   Zero   RW          318    .bss.xNextTaskUnblockTime  tasks.o
    0x20004178        -       0x00000004   Zero   RW          320    .bss.xNumOfOverflows  tasks.o
    0x2000417c        -       0x00000004   Zero   RW          319    .bss.xPendedTicks   tasks.o
    0x20004180        -       0x00000014   Zero   RW          316    .bss.xPendingReadyList  tasks.o
    0x20004194        -       0x00000004   Zero   RW          309    .bss.xSchedulerRunning  tasks.o
    0x20004198        -       0x00000014   Zero   RW          314    .bss.xSuspendedTaskList  tasks.o
    0x200041ac        -       0x00000014   Zero   RW          306    .bss.xTasksWaitingTermination  tasks.o
    0x200041c0        -       0x00000004   Zero   RW          311    .bss.xTickCount     tasks.o
    0x200041c4        -       0x00000004   Zero   RW          361    .bss.xTimerQueue    timers.o
    0x200041c8        -       0x00000004   Zero   RW          362    .bss.xTimerTaskHandle  timers.o
    0x200041cc        -       0x00000004   Zero   RW          315    .bss.xYieldPending  tasks.o
    0x200041d0        -       0x00000000   Zero   RW           45    HEAP                startup_tm4c123.o
    0x200041d0        -       0x00000200   Zero   RW           44    STACK               startup_tm4c123.o


==============================================================================

Image component sizes


      Code (inc. data)   RO Data    RW Data    ZI Data      Debug   Object Name

       132          0          0          0      16392       1804   heap_1.o
       122          0          0          0          0       2277   list.o
      1976         92          0          0         24       4782   main.o
       806         16          0          4          5       4106   port.o
      2010          0          0          0          0      23052   queue.o
       276         24        620          0        512       5496   startup_tm4c123.o
       112          0          0          4          0       6431   system_tm4c123.o
      3222          8          4          0        260      29114   tasks.o
       864         18          0          0         60      11826   timers.o

    ----------------------------------------------------------------------
      9608        170        656          8      17256      88888   Object Totals
         0          0         32          0          0          0   (incl. Generated)
        88         12          0          0          3          0   (incl. Padding)

    ----------------------------------------------------------------------

      Code (inc. data)   RO Data    RW Data    ZI Data      Debug   Library Member Name

         8          0          0          0          0         68   __main.o
         0          0          0          0          0          0   __rtentry.o
        12          0          0          0          0          0   __rtentry2.o
         6          0          0          0          0          0   __rtentry4.o
        52          8          0          0          0          0   __scatter.o
        26          0          0          0          0          0   __scatter_copy.o
        28          0          0          0          0          0   __scatter_zi.o
        18          0          0          0          0         80   exit.o
         6          0          0          0          0        152   heapauxi.o
         0          0          0          0          0          0   indicate_semi.o
         2          0          0          0          0          0   libinit.o
         6          0          0          0          0          0   libinit2.o
         2          0          0          0          0          0   libshutdown.o
         2          0          0          0          0          0   libshutdown2.o
         8          4          0          0         96         68   libspace.o
        68          0          0          0          0         68   rt_memclr.o
        78          0          0          0          0         80   rt_memclr_w.o
       138          0          0          0          0         68   rt_memcpy_v6.o
       100          0          0          0          0         80   rt_memcpy_w.o
         2          0          0          0          0          0   rtexit.o
        10          0          0          0          0          0   rtexit2.o
        12          4          0          0          0         68   sys_exit.o
        74          0          0          0          0         80   sys_stackheap_outer.o
         2          0          0          0          0         68   use_no_semi.o
        26          0          0          0          0        116   fpinit.o

    ----------------------------------------------------------------------
       696         16          0          0         96        996   Library Totals
        10          0          0          0          0          0   (incl. Padding)

    ----------------------------------------------------------------------

      Code (inc. data)   RO Data    RW Data    ZI Data      Debug   Library Name

       660         16          0          0         96        880   c_w.l
        26          0          0          0          0        116   fz_wm.l

    ----------------------------------------------------------------------
       696         16          0          0         96        996   Library Totals

    ----------------------------------------------------------------------

==============================================================================


      Code (inc. data)   RO Data    RW Data    ZI Data      Debug   

     10304        186        656          8      17352      89380   Grand Totals
     10304        186        656          8      17352      89380   ELF Image Totals
     10304        186        656          8          0          0   ROM Totals

==============================================================================

    Total RO  Size (Code + RO Data)                10960 (  10.70kB)
    Total RW  Size (RW Data + ZI Data)             17360 (  16.95kB)
    Total ROM Size (Code + RO Data + RW Data)      10968 (  10.71kB)

==============================================================================

